   1                             		.file	"e8504.c"
   2                             		.section P,"ax"
   3                             	.Ltext0:
   4                             		.comm	_framebuffer_display_1,9600,1
   5                             		.section	.text.delay_nop,"ax",@progbits
   6                             		.global	_delay_nop
   8                             	_delay_nop:
   9                             	.LFB0:
  10                             		.file 1 "../src/e8504.c"
   1:../src/e8504.c **** /***********************************************************************
   2:../src/e8504.c **** *! \file:                   ez8504.c
   3:../src/e8504.c **** *  \projekt:                powerboard
   4:../src/e8504.c **** *  \created on:             07.03.2019
   5:../src/e8504.c **** *  \author:                 R. Gräber
   6:../src/e8504.c **** *  \version:                0
   7:../src/e8504.c **** *  \history:                -
   8:../src/e8504.c **** *  \brief
   9:../src/e8504.c **** ***********************************************************************/
  10:../src/e8504.c **** 
  11:../src/e8504.c **** /***********************************************************************
  12:../src/e8504.c **** * Includes
  13:../src/e8504.c **** ***********************************************************************/
  14:../src/e8504.c **** #include "e8504.h"
  15:../src/e8504.c **** /***********************************************************************
  16:../src/e8504.c **** * Informations
  17:../src/e8504.c **** ***********************************************************************/
  18:../src/e8504.c **** 
  19:../src/e8504.c **** /***********************************************************************
  20:../src/e8504.c **** * Definitions
  21:../src/e8504.c **** ***********************************************************************/
  22:../src/e8504.c **** 
  23:../src/e8504.c **** #define X_dots 320
  24:../src/e8504.c **** #define Y_dots 240
  25:../src/e8504.c **** #define framebuffer_size (X_dots/8)*Y_dots
  26:../src/e8504.c **** #define delay_loops 1
  27:../src/e8504.c **** 
  28:../src/e8504.c **** /***********************************************************************
  29:../src/e8504.c **** * Constant
  30:../src/e8504.c **** ***********************************************************************/
  31:../src/e8504.c **** 
  32:../src/e8504.c **** /***********************************************************************
  33:../src/e8504.c **** * Global Variable
  34:../src/e8504.c **** ***********************************************************************/
  35:../src/e8504.c **** 
  36:../src/e8504.c **** /***********************************************************************
  37:../src/e8504.c **** * Local Variable
  38:../src/e8504.c **** ***********************************************************************/
  39:../src/e8504.c **** 
  40:../src/e8504.c **** uint8_t framebuffer_display_1[framebuffer_size];
  41:../src/e8504.c **** 
  42:../src/e8504.c **** /***********************************************************************
  43:../src/e8504.c **** * Local Funtions
  44:../src/e8504.c **** ***********************************************************************/
  45:../src/e8504.c **** void delay_nop(uint16_t delay);
  46:../src/e8504.c **** void delay_nop(uint16_t delay){
  11                             		.loc 1 46 0
  12 0000 7E A6                   		push.l	r6
  13                             	.LCFI0:
  14 0002 71 06 FC                		add	#-4, r0, r6
  15                             	.LCFI1:
  16 0005 EF 60                   		mov.L	r6, r0
  17                             	.LCFI2:
  18 0007 D3 61                   		mov.W	r1, [r6]
  47:../src/e8504.c **** 	while(delay--);
  19                             		.loc 1 47 0
  20 0009 03                      		nop
  21                             	.L2:
  22                             		.loc 1 47 0 is_stmt 0 discriminator 1
  23 000a DC 65                   		mov.W	[r6], r5
  24 000c 71 54 FF                		add	#-1, r5, r4
  25 000f D3 64                   		mov.W	r4, [r6]
  26 0011 5F 55                   		movu.W	r5, r5
  27 0013 61 05                   		cmp	#0, r5
  28 0015 21 F5                   		bne	.L2
  48:../src/e8504.c **** 		//asm("nop");
  49:../src/e8504.c **** }
  29                             		.loc 1 49 0 is_stmt 1
  30 0017 3F 66 02                		rtsd	#8, r6-r6
  31                             	.LFE0:
  33                             		.section	.text.e8504_testpattern,"ax",@progbits
  34                             		.global	_e8504_testpattern
  36                             	_e8504_testpattern:
  37                             	.LFB1:
  50:../src/e8504.c **** 
  51:../src/e8504.c **** void e8504_testpattern(void){
  38                             		.loc 1 51 0
  39 0000 6E 67                   		pushm	r6-r7
  40                             	.LCFI3:
  41 0002 71 06 FC                		add	#-4, r0, r6
  42                             	.LCFI4:
  43 0005 EF 60                   		mov.L	r6, r0
  44                             	.LCFI5:
  52:../src/e8504.c **** 	uint16_t loop_index;
  53:../src/e8504.c **** 	for(loop_index = 0; loop_index > 80; loop_index++)
  45                             		.loc 1 53 0
  46 0007 F8 65 00                		mov.W	#0, [r6]
  47 000a 2E 16                   		bra	.L4
  48                             	.L5:
  54:../src/e8504.c **** 		framebuffer_display_1[loop_index] = 0xFF;
  49                             		.loc 1 54 0 discriminator 2
  50 000c 5C 65                   		movu.W	[r6], r5
  51 000e FB 42 00 00 00 00       		mov.L	#_framebuffer_display_1, r4
  52 0014 FB 76 FF                		mov	#-1, r7
  53 0017 FE 05 47                		mov.B	r7, [r5,r4]
  53:../src/e8504.c **** 		framebuffer_display_1[loop_index] = 0xFF;
  54                             		.loc 1 53 0 discriminator 2
  55 001a DC 65                   		mov.W	[r6], r5
  56 001c 62 15                   		add	#1, r5
  57 001e D3 65                   		mov.W	r5, [r6]
  58                             	.L4:
  53:../src/e8504.c **** 		framebuffer_display_1[loop_index] = 0xFF;
  59                             		.loc 1 53 0 is_stmt 0 discriminator 1
  60 0020 5C 65                   		movu.W	[r6], r5
  61 0022 75 55 50                		cmp	#0x50, r5
  62 0025 24 E7                   		bgtu	.L5
  55:../src/e8504.c **** 	for(loop_index = 200; loop_index > 240; loop_index++)
  63                             		.loc 1 55 0 is_stmt 1
  64 0027 F8 69 C8 00             		mov.W	#0xc8, [r6]
  65 002b 2E 16                   		bra	.L6
  66                             	.L7:
  56:../src/e8504.c **** 		framebuffer_display_1[loop_index] = 0xFF;
  67                             		.loc 1 56 0 discriminator 2
  68 002d 5C 65                   		movu.W	[r6], r5
  69 002f FB 42 00 00 00 00       		mov.L	#_framebuffer_display_1, r4
  70 0035 FB 76 FF                		mov	#-1, r7
  71 0038 FE 05 47                		mov.B	r7, [r5,r4]
  55:../src/e8504.c **** 	for(loop_index = 200; loop_index > 240; loop_index++)
  72                             		.loc 1 55 0 discriminator 2
  73 003b DC 65                   		mov.W	[r6], r5
  74 003d 62 15                   		add	#1, r5
  75 003f D3 65                   		mov.W	r5, [r6]
  76                             	.L6:
  55:../src/e8504.c **** 	for(loop_index = 200; loop_index > 240; loop_index++)
  77                             		.loc 1 55 0 is_stmt 0 discriminator 1
  78 0041 5C 65                   		movu.W	[r6], r5
  79 0043 75 55 F0                		cmp	#0xf0, r5
  80 0046 24 E7                   		bgtu	.L7
  57:../src/e8504.c **** }
  81                             		.loc 1 57 0 is_stmt 1
  82 0048 3F 67 03                		rtsd	#12, r6-r7
  83                             	.LFE1:
  85                             		.section	.text.update_display,"ax",@progbits
  86                             		.global	_update_display
  88                             	_update_display:
  89                             	.LFB2:
  58:../src/e8504.c **** 
  59:../src/e8504.c **** /***********************************************************************
  60:../src/e8504.c **** *! \fn			int16_t create_fb(char *dataPtr, byte *fb)
  61:../src/e8504.c **** *  \brief		reset the Framebuffer
  62:../src/e8504.c **** *  \param		dataPtr String to scroll across
  63:../src/e8504.c **** *  \param		fb Pointer to the frame buffer array
  64:../src/e8504.c **** *  \exception	none
  65:../src/e8504.c **** *  \return		length of frame buffer
  66:../src/e8504.c **** ***********************************************************************/
  67:../src/e8504.c **** void update_display(void){
  90                             		.loc 1 67 0
  91 0000 7E A6                   		push.l	r6
  92                             	.LCFI6:
  93 0002 71 06 FC                		add	#-4, r0, r6
  94                             	.LCFI7:
  95 0005 EF 60                   		mov.L	r6, r0
  96                             	.LCFI8:
  68:../src/e8504.c **** 
  69:../src/e8504.c **** 	//calculate the loop for an full cycle update
  70:../src/e8504.c **** 	uint16_t cycle_for_full_update;
  71:../src/e8504.c **** 	//calculate the loop for an full cycle update
  72:../src/e8504.c **** 	//start frame
  73:../src/e8504.c **** 
  74:../src/e8504.c **** 
  75:../src/e8504.c **** 	EZ8504_frame = 0;
  97                             		.loc 1 75 0
  98 0007 FB 5E 0A C0 08          		mov.L	#0x8c00a, r5
  99 000c CD 54 20                		mov.B	32[r5], r4
 100 000f 75 24 FE                		and	#-2, r4
 101 0012 C7 54 20                		mov.B	r4, 32[r5]
  76:../src/e8504.c **** 	EZ8504_load = 0;
 102                             		.loc 1 76 0
 103 0015 FB 5E 0A C0 08          		mov.L	#0x8c00a, r5
 104 001a CD 54 20                		mov.B	32[r5], r4
 105 001d 75 24 FD                		and	#-3, r4
 106 0020 C7 54 20                		mov.B	r4, 32[r5]
  77:../src/e8504.c **** 	EZ8504_cp = 0;
 107                             		.loc 1 77 0
 108 0023 FB 5E 0A C0 08          		mov.L	#0x8c00a, r5
 109 0028 CD 54 20                		mov.B	32[r5], r4
 110 002b 75 24 FB                		and	#-5, r4
 111 002e C7 54 20                		mov.B	r4, 32[r5]
  78:../src/e8504.c **** 	delay_nop(delay_loops);
 112                             		.loc 1 78 0
 113 0031 66 11                   		mov	#1, r1
 114 0033 05 00 00 00             		bsr	_delay_nop
  79:../src/e8504.c **** 	EZ8504_frame = 1;
 115                             		.loc 1 79 0
 116 0037 FB 5E 0A C0 08          		mov.L	#0x8c00a, r5
 117 003c CD 54 20                		mov.B	32[r5], r4
 118 003f 65 14                   		or	#1, r4
 119 0041 C7 54 20                		mov.B	r4, 32[r5]
  80:../src/e8504.c **** 	delay_nop(delay_loops);
 120                             		.loc 1 80 0
 121 0044 66 11                   		mov	#1, r1
 122 0046 05 00 00 00             		bsr	_delay_nop
  81:../src/e8504.c **** 	EZ8504_load = 1;
 123                             		.loc 1 81 0
 124 004a FB 5E 0A C0 08          		mov.L	#0x8c00a, r5
 125 004f CD 54 20                		mov.B	32[r5], r4
 126 0052 65 24                   		or	#2, r4
 127 0054 C7 54 20                		mov.B	r4, 32[r5]
  82:../src/e8504.c **** 	delay_nop(delay_loops);
 128                             		.loc 1 82 0
 129 0057 66 11                   		mov	#1, r1
 130 0059 05 00 00 00             		bsr	_delay_nop
  83:../src/e8504.c **** 	EZ8504_load = 0;
 131                             		.loc 1 83 0
 132 005d FB 5E 0A C0 08          		mov.L	#0x8c00a, r5
 133 0062 CD 54 20                		mov.B	32[r5], r4
 134 0065 75 24 FD                		and	#-3, r4
 135 0068 C7 54 20                		mov.B	r4, 32[r5]
  84:../src/e8504.c **** 
  85:../src/e8504.c **** 
  86:../src/e8504.c **** 	for (cycle_for_full_update = 0; cycle_for_full_update < cycle_for_full_update; cycle_for_full_upda
 136                             		.loc 1 86 0
 137 006b F8 65 00                		mov.W	#0, [r6]
 138 006e 03                      		nop
  87:../src/e8504.c **** 
  88:../src/e8504.c **** 		//first half byte
  89:../src/e8504.c **** 		EZ8504_cp = 1;
  90:../src/e8504.c **** 		delay_nop(delay_loops);
  91:../src/e8504.c **** 		EZ8504_data = framebuffer_display_1[cycle_for_full_update]&0x0F;
  92:../src/e8504.c **** 		delay_nop(delay_loops);
  93:../src/e8504.c **** 		EZ8504_cp = 0;
  94:../src/e8504.c **** 		delay_nop(delay_loops);
  95:../src/e8504.c **** 		EZ8504_frame = 0;
  96:../src/e8504.c **** 		EZ8504_cp = 1;
  97:../src/e8504.c **** 		delay_nop(delay_loops);
  98:../src/e8504.c **** 		//second half byte
  99:../src/e8504.c **** 		EZ8504_data = (framebuffer_display_1[cycle_for_full_update]>>4)&0x0F;
 100:../src/e8504.c **** 		delay_nop(delay_loops);
 101:../src/e8504.c **** 		EZ8504_cp = 0;
 102:../src/e8504.c **** 	}
 103:../src/e8504.c **** 
 104:../src/e8504.c **** }
 139                             		.loc 1 104 0
 140 006f 3F 66 02                		rtsd	#8, r6-r6
 141                             	.LFE2:
 232                             	.Letext0:
 233                             		.file 2 "C:\\Program Files (x86)\\GCC for Renesas RX 4.8.4.201803-GNURX-ELF\\rx-elf\\rx-elf\\/rx-e
 234                             		.file 3 "C:/projekte/Repo/PowerBoard/Firmware_e2/Powerboard/generate/iodefine.h"
