   1                             		.file	"hwinit.c"
   2                             		.section P,"ax"
   3                             	.Ltext0:
   4                             		.section	.text.HardwareSetup,"ax",@progbits
   5                             		.global	_HardwareSetup
   7                             	_HardwareSetup:
   8                             	.LFB0:
   9                             		.file 1 "../generate/hwinit.c"
   1:../generate/hwinit.c ****                                                                           
   2:../generate/hwinit.c ****                                                                            
   3:../generate/hwinit.c ****                                                                            
   4:../generate/hwinit.c ****                                                                            
   5:../generate/hwinit.c ****                                                                            
   6:../generate/hwinit.c ****                                                                            
   7:../generate/hwinit.c ****                                                                            
   8:../generate/hwinit.c ****                                                                            
   9:../generate/hwinit.c ****                                                                            
  10:../generate/hwinit.c ****                                                                            
  11:../generate/hwinit.c ****                                                                            
  12:../generate/hwinit.c ****                                                                            
  13:../generate/hwinit.c **** /************************************************************************/
  14:../generate/hwinit.c **** /*    File Version: V1.00                                               */
  15:../generate/hwinit.c **** /*    Date Generated: 08/07/2013                                        */
  16:../generate/hwinit.c **** /************************************************************************/
  17:../generate/hwinit.c **** 
  18:../generate/hwinit.c **** #include "iodefine.h"
  19:../generate/hwinit.c **** #ifdef __cplusplus
  20:../generate/hwinit.c **** extern "C" {
  21:../generate/hwinit.c **** #endif
  22:../generate/hwinit.c **** extern void HardwareSetup(void);
  23:../generate/hwinit.c **** #ifdef __cplusplus
  24:../generate/hwinit.c **** }
  25:../generate/hwinit.c **** #endif
  26:../generate/hwinit.c **** 
  27:../generate/hwinit.c **** void HardwareSetup(void)
  28:../generate/hwinit.c **** {
  10                             		.loc 1 28 0
  11 0000 7E A6                   		push.l	r6
  12                             	.LCFI0:
  13 0002 EF 06                   		mov.L	r0, r6
  14                             	.LCFI1:
  29:../generate/hwinit.c **** /*
  30:../generate/hwinit.c ****  BSC.CS0MOD.WORD = 0x1234;
  31:../generate/hwinit.c ****  BSC.CS7CNT.WORD = 0x5678;
  32:../generate/hwinit.c ****   
  33:../generate/hwinit.c ****  SCI0.SCR.BIT.TE  = 0;
  34:../generate/hwinit.c ****  SCI0.SCR.BIT.RE  = 0;
  35:../generate/hwinit.c ****  SCI0.SCR.BIT.TE  = 1;
  36:../generate/hwinit.c ****  SCI2.SSR.BIT.PER = 0;
  37:../generate/hwinit.c **** 
  38:../generate/hwinit.c ****  TMR0.TCR.BYTE = 0x12;
  39:../generate/hwinit.c ****  TMR1.TCR.BYTE = 0x12;
  40:../generate/hwinit.c ****  TMR2.TCR.BYTE = 0x12;
  41:../generate/hwinit.c ****  
  42:../generate/hwinit.c ****  P0.DDR.BYTE = 0x12;
  43:../generate/hwinit.c ****  P1.DDR.BYTE = 0x12;
  44:../generate/hwinit.c **** */
  45:../generate/hwinit.c **** }
  15                             		.loc 1 45 0
  16 0004 3F 66 01                		rtsd	#4, r6-r6
  17                             	.LFE0:
  55                             	.Letext0:
