
Allocating common symbols
Common symbol       size              file

delay_counter       0x4               ./src/board.o
framebuffer_display_1
                    0x2580            ./src/e8504.o
ms_counter          0x4               ./src/board.o
ms_counter2         0x4               ./src/board.o

Memory Configuration

Name             Origin             Length             Attributes
RAM              0x00000000         0x00020000
ROM              0xfff00000         0x00100000
*default*        0x00000000         0xffffffff

Linker script and memory map

LOAD ./src/Powerboard.o
LOAD ./src/board.o
LOAD ./src/e8504.o
LOAD ./generate/hwinit.o
LOAD ./generate/inthandler.o
LOAD ./generate/start.o
LOAD ./generate/vects.o
START GROUP
LOAD C:\projekte\Repo\PowerBoard\Firmware_e2\Powerboard\HardwareDebug\libPowerboard.a
LOAD c:/program files (x86)/gcc for renesas rx 4.8.4.201803-gnurx-elf/rx-elf/rx-elf/bin/../lib/gcc/rx-elf/4.8.4.201803-GNURX\libgcc.a
LOAD c:/program files (x86)/gcc for renesas rx 4.8.4.201803-gnurx-elf/rx-elf/rx-elf/bin/../lib/gcc/rx-elf/4.8.4.201803-GNURX/../../../../rx-elf/lib\libstdc++.a
END GROUP
LOAD c:/program files (x86)/gcc for renesas rx 4.8.4.201803-gnurx-elf/rx-elf/rx-elf/bin/../lib/gcc/rx-elf/4.8.4.201803-GNURX/../../../../rx-elf/lib\libstdc++.a
LOAD c:/program files (x86)/gcc for renesas rx 4.8.4.201803-gnurx-elf/rx-elf/rx-elf/bin/../lib/gcc/rx-elf/4.8.4.201803-GNURX/../../../../rx-elf/lib\libm.a
LOAD c:/program files (x86)/gcc for renesas rx 4.8.4.201803-gnurx-elf/rx-elf/rx-elf/bin/../lib/gcc/rx-elf/4.8.4.201803-GNURX\libgcc.a
START GROUP
LOAD c:/program files (x86)/gcc for renesas rx 4.8.4.201803-gnurx-elf/rx-elf/rx-elf/bin/../lib/gcc/rx-elf/4.8.4.201803-GNURX/../../../../rx-elf/lib\libc.a
LOAD c:/program files (x86)/gcc for renesas rx 4.8.4.201803-gnurx-elf/rx-elf/rx-elf/bin/../lib/gcc/rx-elf/4.8.4.201803-GNURX/../../../../rx-elf/lib\libnosys.a
END GROUP
LOAD c:/program files (x86)/gcc for renesas rx 4.8.4.201803-gnurx-elf/rx-elf/rx-elf/bin/../lib/gcc/rx-elf/4.8.4.201803-GNURX\libgcc.a

.fvectors       0xffffff80       0x80
 *(.fvectors)
 .fvectors      0xffffff80       0x80 ./generate/vects.o
                0xffffff80                _HardwareVectors

.text           0xfff00000      0xa7e
 *(.text)
 .text          0xfff00000       0xd7 ./generate/start.o
                0xfff00000                _PowerON_Reset
                0xfff0007e                _rx_run_preinit_array
                0xfff00092                _rx_run_init_array
                0xfff000a8                _rx_run_fini_array
 *(.text.*)
 .text.__main   0xfff000d7       0x3d ./src/Powerboard.o
                0xfff000d7                ___main
 .text.main     0xfff00114       0x36 ./src/Powerboard.o
                0xfff00114                _main
 .text.init_clock
                0xfff0014a       0x88 ./src/board.o
                0xfff0014a                _init_clock
 .text.Timer_MTU3_init
                0xfff001d2       0x9c ./src/board.o
                0xfff001d2                _Timer_MTU3_init
 .text.init_board
                0xfff0026e       0x51 ./src/board.o
                0xfff0026e                _init_board
 .text.delay_ms
                0xfff002bf       0x25 ./src/board.o
                0xfff002bf                _delay_ms
 .text.SysTick_Handler
                0xfff002e4       0x4c ./src/board.o
                0xfff002e4                _SysTick_Handler
 .text.init_IO  0xfff00330       0x1d ./src/board.o
                0xfff00330                _init_IO
 .text.delay_nop
                0xfff0034d       0x1a ./src/e8504.o
                0xfff0034d                _delay_nop
 .text.update_display
                0xfff00367       0x72 ./src/e8504.o
                0xfff00367                _update_display
 .text.HardwareSetup
                0xfff003d9        0x7 ./generate/hwinit.o
                0xfff003d9                _HardwareSetup
 .text.INT_Excep_SuperVisorInst
                0xfff003e0        0x8 ./generate/inthandler.o
                0xfff003e0                _INT_Excep_SuperVisorInst
 .text.INT_Excep_AccessInst
                0xfff003e8        0x8 ./generate/inthandler.o
                0xfff003e8                _INT_Excep_AccessInst
 .text.INT_Excep_UndefinedInst
                0xfff003f0        0x8 ./generate/inthandler.o
                0xfff003f0                _INT_Excep_UndefinedInst
 .text.INT_Excep_FloatingPoint
                0xfff003f8        0x8 ./generate/inthandler.o
                0xfff003f8                _INT_Excep_FloatingPoint
 .text.INT_NonMaskableInterrupt
                0xfff00400        0x8 ./generate/inthandler.o
                0xfff00400                _INT_NonMaskableInterrupt
 .text.INT_Dummy
                0xfff00408        0x8 ./generate/inthandler.o
                0xfff00408                _INT_Dummy
 .text.INT_Excep_BRK
                0xfff00410        0x8 ./generate/inthandler.o
                0xfff00410                _INT_Excep_BRK
 .text.INT_Excep_BSC_BUSERR
                0xfff00418        0x8 ./generate/inthandler.o
                0xfff00418                _INT_Excep_BSC_BUSERR
 .text.INT_Excep_FCU_FIFERR
                0xfff00420        0x8 ./generate/inthandler.o
                0xfff00420                _INT_Excep_FCU_FIFERR
 .text.INT_Excep_FCU_FRDYI
                0xfff00428        0x8 ./generate/inthandler.o
                0xfff00428                _INT_Excep_FCU_FRDYI
 .text.INT_Excep_ICU_SWINT
                0xfff00430        0x8 ./generate/inthandler.o
                0xfff00430                _INT_Excep_ICU_SWINT
 .text.INT_Excep_CMT0_CMI0
                0xfff00438        0x8 ./generate/inthandler.o
                0xfff00438                _INT_Excep_CMT0_CMI0
 .text.INT_Excep_CMT1_CMI1
                0xfff00440        0x8 ./generate/inthandler.o
                0xfff00440                _INT_Excep_CMT1_CMI1
 .text.INT_Excep_CMT2_CMI2
                0xfff00448        0x8 ./generate/inthandler.o
                0xfff00448                _INT_Excep_CMT2_CMI2
 .text.INT_Excep_CMT3_CMI3
                0xfff00450        0x8 ./generate/inthandler.o
                0xfff00450                _INT_Excep_CMT3_CMI3
 .text.INT_Excep_ETHER_EINT
                0xfff00458        0x8 ./generate/inthandler.o
                0xfff00458                _INT_Excep_ETHER_EINT
 .text.INT_Excep_USB0_D0FIFO0
                0xfff00460        0x8 ./generate/inthandler.o
                0xfff00460                _INT_Excep_USB0_D0FIFO0
 .text.INT_Excep_USB0_D1FIFO0
                0xfff00468        0x8 ./generate/inthandler.o
                0xfff00468                _INT_Excep_USB0_D1FIFO0
 .text.INT_Excep_USB0_USBI0
                0xfff00470        0x8 ./generate/inthandler.o
                0xfff00470                _INT_Excep_USB0_USBI0
 .text.INT_Excep_USB1_D0FIFO1
                0xfff00478        0x8 ./generate/inthandler.o
                0xfff00478                _INT_Excep_USB1_D0FIFO1
 .text.INT_Excep_USB1_D1FIFO1
                0xfff00480        0x8 ./generate/inthandler.o
                0xfff00480                _INT_Excep_USB1_D1FIFO1
 .text.INT_Excep_USB1_USBI1
                0xfff00488        0x8 ./generate/inthandler.o
                0xfff00488                _INT_Excep_USB1_USBI1
 .text.INT_Excep_RSPI0_SPRI0
                0xfff00490        0x8 ./generate/inthandler.o
                0xfff00490                _INT_Excep_RSPI0_SPRI0
 .text.INT_Excep_RSPI0_SPTI0
                0xfff00498        0x8 ./generate/inthandler.o
                0xfff00498                _INT_Excep_RSPI0_SPTI0
 .text.INT_Excep_RSPI0_SPII0
                0xfff004a0        0x8 ./generate/inthandler.o
                0xfff004a0                _INT_Excep_RSPI0_SPII0
 .text.INT_Excep_RSPI1_SPRI1
                0xfff004a8        0x8 ./generate/inthandler.o
                0xfff004a8                _INT_Excep_RSPI1_SPRI1
 .text.INT_Excep_RSPI1_SPTI1
                0xfff004b0        0x8 ./generate/inthandler.o
                0xfff004b0                _INT_Excep_RSPI1_SPTI1
 .text.INT_Excep_RSPI1_SPII1
                0xfff004b8        0x8 ./generate/inthandler.o
                0xfff004b8                _INT_Excep_RSPI1_SPII1
 .text.INT_Excep_RSPI2_SPRI2
                0xfff004c0        0x8 ./generate/inthandler.o
                0xfff004c0                _INT_Excep_RSPI2_SPRI2
 .text.INT_Excep_RSPI2_SPTI2
                0xfff004c8        0x8 ./generate/inthandler.o
                0xfff004c8                _INT_Excep_RSPI2_SPTI2
 .text.INT_Excep_RSPI2_SPII2
                0xfff004d0        0x8 ./generate/inthandler.o
                0xfff004d0                _INT_Excep_RSPI2_SPII2
 .text.INT_Excep_CAN0_RXF0
                0xfff004d8        0x8 ./generate/inthandler.o
                0xfff004d8                _INT_Excep_CAN0_RXF0
 .text.INT_Excep_CAN0_TXF0
                0xfff004e0        0x8 ./generate/inthandler.o
                0xfff004e0                _INT_Excep_CAN0_TXF0
 .text.INT_Excep_CAN0_RXM0
                0xfff004e8        0x8 ./generate/inthandler.o
                0xfff004e8                _INT_Excep_CAN0_RXM0
 .text.INT_Excep_CAN0_TXM0
                0xfff004f0        0x8 ./generate/inthandler.o
                0xfff004f0                _INT_Excep_CAN0_TXM0
 .text.INT_Excep_CAN1_RXF1
                0xfff004f8        0x8 ./generate/inthandler.o
                0xfff004f8                _INT_Excep_CAN1_RXF1
 .text.INT_Excep_CAN1_TXF1
                0xfff00500        0x8 ./generate/inthandler.o
                0xfff00500                _INT_Excep_CAN1_TXF1
 .text.INT_Excep_CAN1_RXM1
                0xfff00508        0x8 ./generate/inthandler.o
                0xfff00508                _INT_Excep_CAN1_RXM1
 .text.INT_Excep_CAN1_TXM1
                0xfff00510        0x8 ./generate/inthandler.o
                0xfff00510                _INT_Excep_CAN1_TXM1
 .text.INT_Excep_CAN2_RXF2
                0xfff00518        0x8 ./generate/inthandler.o
                0xfff00518                _INT_Excep_CAN2_RXF2
 .text.INT_Excep_CAN2_TXF2
                0xfff00520        0x8 ./generate/inthandler.o
                0xfff00520                _INT_Excep_CAN2_TXF2
 .text.INT_Excep_CAN2_RXM2
                0xfff00528        0x8 ./generate/inthandler.o
                0xfff00528                _INT_Excep_CAN2_RXM2
 .text.INT_Excep_CAN2_TXM2
                0xfff00530        0x8 ./generate/inthandler.o
                0xfff00530                _INT_Excep_CAN2_TXM2
 .text.INT_Excep_RTC_CUP
                0xfff00538        0x8 ./generate/inthandler.o
                0xfff00538                _INT_Excep_RTC_CUP
 .text.INT_Excep_ICU_IRQ0
                0xfff00540        0x8 ./generate/inthandler.o
                0xfff00540                _INT_Excep_ICU_IRQ0
 .text.INT_Excep_ICU_IRQ1
                0xfff00548        0x8 ./generate/inthandler.o
                0xfff00548                _INT_Excep_ICU_IRQ1
 .text.INT_Excep_ICU_IRQ2
                0xfff00550        0x8 ./generate/inthandler.o
                0xfff00550                _INT_Excep_ICU_IRQ2
 .text.INT_Excep_ICU_IRQ3
                0xfff00558        0x8 ./generate/inthandler.o
                0xfff00558                _INT_Excep_ICU_IRQ3
 .text.INT_Excep_ICU_IRQ4
                0xfff00560        0x8 ./generate/inthandler.o
                0xfff00560                _INT_Excep_ICU_IRQ4
 .text.INT_Excep_ICU_IRQ5
                0xfff00568        0x8 ./generate/inthandler.o
                0xfff00568                _INT_Excep_ICU_IRQ5
 .text.INT_Excep_ICU_IRQ6
                0xfff00570        0x8 ./generate/inthandler.o
                0xfff00570                _INT_Excep_ICU_IRQ6
 .text.INT_Excep_ICU_IRQ7
                0xfff00578        0x8 ./generate/inthandler.o
                0xfff00578                _INT_Excep_ICU_IRQ7
 .text.INT_Excep_ICU_IRQ8
                0xfff00580        0x8 ./generate/inthandler.o
                0xfff00580                _INT_Excep_ICU_IRQ8
 .text.INT_Excep_ICU_IRQ9
                0xfff00588        0x8 ./generate/inthandler.o
                0xfff00588                _INT_Excep_ICU_IRQ9
 .text.INT_Excep_ICU_IRQ10
                0xfff00590        0x8 ./generate/inthandler.o
                0xfff00590                _INT_Excep_ICU_IRQ10
 .text.INT_Excep_ICU_IRQ11
                0xfff00598        0x8 ./generate/inthandler.o
                0xfff00598                _INT_Excep_ICU_IRQ11
 .text.INT_Excep_ICU_IRQ12
                0xfff005a0        0x8 ./generate/inthandler.o
                0xfff005a0                _INT_Excep_ICU_IRQ12
 .text.INT_Excep_ICU_IRQ13
                0xfff005a8        0x8 ./generate/inthandler.o
                0xfff005a8                _INT_Excep_ICU_IRQ13
 .text.INT_Excep_ICU_IRQ14
                0xfff005b0        0x8 ./generate/inthandler.o
                0xfff005b0                _INT_Excep_ICU_IRQ14
 .text.INT_Excep_ICU_IRQ15
                0xfff005b8        0x8 ./generate/inthandler.o
                0xfff005b8                _INT_Excep_ICU_IRQ15
 .text.INT_Excep_USB_USBR0
                0xfff005c0        0x8 ./generate/inthandler.o
                0xfff005c0                _INT_Excep_USB_USBR0
 .text.INT_Excep_USB_USBR1
                0xfff005c8        0x8 ./generate/inthandler.o
                0xfff005c8                _INT_Excep_USB_USBR1
 .text.INT_Excep_RTC_ALM
                0xfff005d0        0x8 ./generate/inthandler.o
                0xfff005d0                _INT_Excep_RTC_ALM
 .text.INT_Excep_RTC_PRD
                0xfff005d8        0x8 ./generate/inthandler.o
                0xfff005d8                _INT_Excep_RTC_PRD
 .text.INT_Excep_AD_ADI0
                0xfff005e0        0x8 ./generate/inthandler.o
                0xfff005e0                _INT_Excep_AD_ADI0
 .text.INT_Excep_S12AD_S12ADI0
                0xfff005e8        0x8 ./generate/inthandler.o
                0xfff005e8                _INT_Excep_S12AD_S12ADI0
 .text.INT_Excep_ICU_GROUP0
                0xfff005f0        0x8 ./generate/inthandler.o
                0xfff005f0                _INT_Excep_ICU_GROUP0
 .text.INT_Excep_ICU_GROUP1
                0xfff005f8        0x8 ./generate/inthandler.o
                0xfff005f8                _INT_Excep_ICU_GROUP1
 .text.INT_Excep_ICU_GROUP2
                0xfff00600        0x8 ./generate/inthandler.o
                0xfff00600                _INT_Excep_ICU_GROUP2
 .text.INT_Excep_ICU_GROUP3
                0xfff00608        0x8 ./generate/inthandler.o
                0xfff00608                _INT_Excep_ICU_GROUP3
 .text.INT_Excep_ICU_GROUP4
                0xfff00610        0x8 ./generate/inthandler.o
                0xfff00610                _INT_Excep_ICU_GROUP4
 .text.INT_Excep_ICU_GROUP5
                0xfff00618        0x8 ./generate/inthandler.o
                0xfff00618                _INT_Excep_ICU_GROUP5
 .text.INT_Excep_ICU_GROUP6
                0xfff00620        0x8 ./generate/inthandler.o
                0xfff00620                _INT_Excep_ICU_GROUP6
 .text.INT_Excep_ICU_GROUP12
                0xfff00628        0x8 ./generate/inthandler.o
                0xfff00628                _INT_Excep_ICU_GROUP12
 .text.INT_Excep_SCI12_SCIX0
                0xfff00630        0x8 ./generate/inthandler.o
                0xfff00630                _INT_Excep_SCI12_SCIX0
 .text.INT_Excep_SCI12_SCIX1
                0xfff00638        0x8 ./generate/inthandler.o
                0xfff00638                _INT_Excep_SCI12_SCIX1
 .text.INT_Excep_SCI12_SCIX2
                0xfff00640        0x8 ./generate/inthandler.o
                0xfff00640                _INT_Excep_SCI12_SCIX2
 .text.INT_Excep_SCI12_SCIX3
                0xfff00648        0x8 ./generate/inthandler.o
                0xfff00648                _INT_Excep_SCI12_SCIX3
 .text.INT_Excep_TPU0_TGI0A
                0xfff00650        0x8 ./generate/inthandler.o
                0xfff00650                _INT_Excep_TPU0_TGI0A
 .text.INT_Excep_TPU0_TGI0B
                0xfff00658        0x8 ./generate/inthandler.o
                0xfff00658                _INT_Excep_TPU0_TGI0B
 .text.INT_Excep_TPU0_TGI0C
                0xfff00660        0x8 ./generate/inthandler.o
                0xfff00660                _INT_Excep_TPU0_TGI0C
 .text.INT_Excep_TPU0_TGI0D
                0xfff00668        0x8 ./generate/inthandler.o
                0xfff00668                _INT_Excep_TPU0_TGI0D
 .text.INT_Excep_TPU1_TGI1A
                0xfff00670        0x8 ./generate/inthandler.o
                0xfff00670                _INT_Excep_TPU1_TGI1A
 .text.INT_Excep_TPU1_TGI1B
                0xfff00678        0x8 ./generate/inthandler.o
                0xfff00678                _INT_Excep_TPU1_TGI1B
 .text.INT_Excep_TPU2_TGI2A
                0xfff00680        0x8 ./generate/inthandler.o
                0xfff00680                _INT_Excep_TPU2_TGI2A
 .text.INT_Excep_TPU2_TGI2B
                0xfff00688        0x8 ./generate/inthandler.o
                0xfff00688                _INT_Excep_TPU2_TGI2B
 .text.INT_Excep_TPU3_TGI3A
                0xfff00690        0x8 ./generate/inthandler.o
                0xfff00690                _INT_Excep_TPU3_TGI3A
 .text.INT_Excep_TPU3_TGI3B
                0xfff00698        0x8 ./generate/inthandler.o
                0xfff00698                _INT_Excep_TPU3_TGI3B
 .text.INT_Excep_TPU3_TGI3C
                0xfff006a0        0x8 ./generate/inthandler.o
                0xfff006a0                _INT_Excep_TPU3_TGI3C
 .text.INT_Excep_TPU3_TGI3D
                0xfff006a8        0x8 ./generate/inthandler.o
                0xfff006a8                _INT_Excep_TPU3_TGI3D
 .text.INT_Excep_TPU4_TGI4A
                0xfff006b0        0x8 ./generate/inthandler.o
                0xfff006b0                _INT_Excep_TPU4_TGI4A
 .text.INT_Excep_TPU4_TGI4B
                0xfff006b8        0x8 ./generate/inthandler.o
                0xfff006b8                _INT_Excep_TPU4_TGI4B
 .text.INT_Excep_TPU5_TGI5A
                0xfff006c0        0x8 ./generate/inthandler.o
                0xfff006c0                _INT_Excep_TPU5_TGI5A
 .text.INT_Excep_TPU5_TGI5B
                0xfff006c8        0x8 ./generate/inthandler.o
                0xfff006c8                _INT_Excep_TPU5_TGI5B
 .text.INT_Excep_TPU6_TGI6A
                0xfff006d0        0x8 ./generate/inthandler.o
                0xfff006d0                _INT_Excep_TPU6_TGI6A
 .text.INT_Excep_TPU6_TGI6B
                0xfff006d8        0x8 ./generate/inthandler.o
                0xfff006d8                _INT_Excep_TPU6_TGI6B
 .text.INT_Excep_TPU6_TGI6C
                0xfff006e0        0x8 ./generate/inthandler.o
                0xfff006e0                _INT_Excep_TPU6_TGI6C
 .text.INT_Excep_TPU6_TGI6D
                0xfff006e8        0x8 ./generate/inthandler.o
                0xfff006e8                _INT_Excep_TPU6_TGI6D
 .text.INT_Excep_MTU0_TGIA0
                0xfff006f0        0x7 ./generate/inthandler.o
                0xfff006f0                _INT_Excep_MTU0_TGIA0
 .text.INT_Excep_MTU0_TGIB0
                0xfff006f7        0x7 ./generate/inthandler.o
                0xfff006f7                _INT_Excep_MTU0_TGIB0
 .text.INT_Excep_MTU0_TGIC0
                0xfff006fe        0x7 ./generate/inthandler.o
                0xfff006fe                _INT_Excep_MTU0_TGIC0
 .text.INT_Excep_MTU0_TGID0
                0xfff00705        0x7 ./generate/inthandler.o
                0xfff00705                _INT_Excep_MTU0_TGID0
 .text.INT_Excep_MTU0_TGIE0
                0xfff0070c        0x8 ./generate/inthandler.o
                0xfff0070c                _INT_Excep_MTU0_TGIE0
 .text.INT_Excep_MTU0_TGIF0
                0xfff00714        0x8 ./generate/inthandler.o
                0xfff00714                _INT_Excep_MTU0_TGIF0
 .text.INT_Excep_TPU7_TGI7A
                0xfff0071c        0x8 ./generate/inthandler.o
                0xfff0071c                _INT_Excep_TPU7_TGI7A
 .text.INT_Excep_TPU7_TGI7B
                0xfff00724        0x8 ./generate/inthandler.o
                0xfff00724                _INT_Excep_TPU7_TGI7B
 .text.INT_Excep_MTU1_TGIA1
                0xfff0072c        0x7 ./generate/inthandler.o
                0xfff0072c                _INT_Excep_MTU1_TGIA1
 .text.INT_Excep_MTU1_TGIB1
                0xfff00733        0x7 ./generate/inthandler.o
                0xfff00733                _INT_Excep_MTU1_TGIB1
 .text.INT_Excep_TPU8_TGI8A
                0xfff0073a        0x8 ./generate/inthandler.o
                0xfff0073a                _INT_Excep_TPU8_TGI8A
 .text.INT_Excep_TPU8_TGI8B
                0xfff00742        0x8 ./generate/inthandler.o
                0xfff00742                _INT_Excep_TPU8_TGI8B
 .text.INT_Excep_MTU2_TGIA2
                0xfff0074a        0x7 ./generate/inthandler.o
                0xfff0074a                _INT_Excep_MTU2_TGIA2
 .text.INT_Excep_MTU2_TGIB2
                0xfff00751        0x7 ./generate/inthandler.o
                0xfff00751                _INT_Excep_MTU2_TGIB2
 .text.INT_Excep_TPU9_TGI9A
                0xfff00758        0x8 ./generate/inthandler.o
                0xfff00758                _INT_Excep_TPU9_TGI9A
 .text.INT_Excep_TPU9_TGI9B
                0xfff00760        0xc ./generate/inthandler.o
                0xfff00760                _INT_Excep_TPU9_TGI9B
 .text.INT_Excep_TPU9_TGI9C
                0xfff0076c        0x8 ./generate/inthandler.o
                0xfff0076c                _INT_Excep_TPU9_TGI9C
 .text.INT_Excep_TPU9_TGI9D
                0xfff00774        0x8 ./generate/inthandler.o
                0xfff00774                _INT_Excep_TPU9_TGI9D
 .text.INT_Excep_MTU3_TGIA3
                0xfff0077c        0x7 ./generate/inthandler.o
                0xfff0077c                _INT_Excep_MTU3_TGIA3
 .text.INT_Excep_MTU3_TGIB3
                0xfff00783        0x7 ./generate/inthandler.o
                0xfff00783                _INT_Excep_MTU3_TGIB3
 .text.INT_Excep_MTU3_TGIC3
                0xfff0078a        0x7 ./generate/inthandler.o
                0xfff0078a                _INT_Excep_MTU3_TGIC3
 .text.INT_Excep_MTU3_TGID3
                0xfff00791        0x7 ./generate/inthandler.o
                0xfff00791                _INT_Excep_MTU3_TGID3
 .text.INT_Excep_TPU10_TGI10A
                0xfff00798        0x8 ./generate/inthandler.o
                0xfff00798                _INT_Excep_TPU10_TGI10A
 .text.INT_Excep_TPU10_TGI10B
                0xfff007a0        0x8 ./generate/inthandler.o
                0xfff007a0                _INT_Excep_TPU10_TGI10B
 .text.INT_Excep_MTU4_TGIA4
                0xfff007a8        0x7 ./generate/inthandler.o
                0xfff007a8                _INT_Excep_MTU4_TGIA4
 .text.INT_Excep_MTU4_TGIB4
                0xfff007af        0x7 ./generate/inthandler.o
                0xfff007af                _INT_Excep_MTU4_TGIB4
 .text.INT_Excep_MTU4_TGIC4
                0xfff007b6        0x8 ./generate/inthandler.o
                0xfff007b6                _INT_Excep_MTU4_TGIC4
 .text.INT_Excep_MTU4_TGID4
                0xfff007be        0x8 ./generate/inthandler.o
                0xfff007be                _INT_Excep_MTU4_TGID4
 .text.INT_Excep_MTU4_TCIV4
                0xfff007c6        0x8 ./generate/inthandler.o
                0xfff007c6                _INT_Excep_MTU4_TCIV4
 .text.INT_Excep_TPU11_TGI11A
                0xfff007ce        0x8 ./generate/inthandler.o
                0xfff007ce                _INT_Excep_TPU11_TGI11A
 .text.INT_Excep_TPU11_TGI11B
                0xfff007d6        0x8 ./generate/inthandler.o
                0xfff007d6                _INT_Excep_TPU11_TGI11B
 .text.INT_Excep_MTU5_TGIU5
                0xfff007de        0x8 ./generate/inthandler.o
                0xfff007de                _INT_Excep_MTU5_TGIU5
 .text.INT_Excep_MTU5_TGIV5
                0xfff007e6        0x8 ./generate/inthandler.o
                0xfff007e6                _INT_Excep_MTU5_TGIV5
 .text.INT_Excep_MTU5_TGIW5
                0xfff007ee        0x8 ./generate/inthandler.o
                0xfff007ee                _INT_Excep_MTU5_TGIW5
 .text.INT_Excep_POE_OEI1
                0xfff007f6        0x8 ./generate/inthandler.o
                0xfff007f6                _INT_Excep_POE_OEI1
 .text.INT_Excep_POE_OEI2
                0xfff007fe        0x8 ./generate/inthandler.o
                0xfff007fe                _INT_Excep_POE_OEI2
 .text.INT_Excep_TMR0_CMIA0
                0xfff00806        0x8 ./generate/inthandler.o
                0xfff00806                _INT_Excep_TMR0_CMIA0
 .text.INT_Excep_TMR0_CMIB0
                0xfff0080e        0x8 ./generate/inthandler.o
                0xfff0080e                _INT_Excep_TMR0_CMIB0
 .text.INT_Excep_TMR0_OVI0
                0xfff00816        0x8 ./generate/inthandler.o
                0xfff00816                _INT_Excep_TMR0_OVI0
 .text.INT_Excep_TMR1_CMIA1
                0xfff0081e        0x8 ./generate/inthandler.o
                0xfff0081e                _INT_Excep_TMR1_CMIA1
 .text.INT_Excep_TMR1_CMIB1
                0xfff00826        0x8 ./generate/inthandler.o
                0xfff00826                _INT_Excep_TMR1_CMIB1
 .text.INT_Excep_TMR1_OVI1
                0xfff0082e        0x8 ./generate/inthandler.o
                0xfff0082e                _INT_Excep_TMR1_OVI1
 .text.INT_Excep_TMR2_CMIA2
                0xfff00836        0x8 ./generate/inthandler.o
                0xfff00836                _INT_Excep_TMR2_CMIA2
 .text.INT_Excep_TMR2_CMIB2
                0xfff0083e        0x8 ./generate/inthandler.o
                0xfff0083e                _INT_Excep_TMR2_CMIB2
 .text.INT_Excep_TMR2_OVI2
                0xfff00846        0x8 ./generate/inthandler.o
                0xfff00846                _INT_Excep_TMR2_OVI2
 .text.INT_Excep_TMR3_CMIA3
                0xfff0084e        0x8 ./generate/inthandler.o
                0xfff0084e                _INT_Excep_TMR3_CMIA3
 .text.INT_Excep_TMR3_CMIB3
                0xfff00856        0x8 ./generate/inthandler.o
                0xfff00856                _INT_Excep_TMR3_CMIB3
 .text.INT_Excep_TMR3_OVI3
                0xfff0085e        0x8 ./generate/inthandler.o
                0xfff0085e                _INT_Excep_TMR3_OVI3
 .text.INT_Excep_RIIC0_EEI0
                0xfff00866        0x8 ./generate/inthandler.o
                0xfff00866                _INT_Excep_RIIC0_EEI0
 .text.INT_Excep_RIIC0_RXI0
                0xfff0086e        0x8 ./generate/inthandler.o
                0xfff0086e                _INT_Excep_RIIC0_RXI0
 .text.INT_Excep_RIIC0_TXI0
                0xfff00876        0x8 ./generate/inthandler.o
                0xfff00876                _INT_Excep_RIIC0_TXI0
 .text.INT_Excep_RIIC0_TEI0
                0xfff0087e        0x8 ./generate/inthandler.o
                0xfff0087e                _INT_Excep_RIIC0_TEI0
 .text.INT_Excep_RIIC1_EEI1
                0xfff00886        0x8 ./generate/inthandler.o
                0xfff00886                _INT_Excep_RIIC1_EEI1
 .text.INT_Excep_RIIC1_RXI1
                0xfff0088e        0x8 ./generate/inthandler.o
                0xfff0088e                _INT_Excep_RIIC1_RXI1
 .text.INT_Excep_RIIC1_TXI1
                0xfff00896        0x8 ./generate/inthandler.o
                0xfff00896                _INT_Excep_RIIC1_TXI1
 .text.INT_Excep_RIIC1_TEI1
                0xfff0089e        0x8 ./generate/inthandler.o
                0xfff0089e                _INT_Excep_RIIC1_TEI1
 .text.INT_Excep_RIIC2_EEI2
                0xfff008a6        0x8 ./generate/inthandler.o
                0xfff008a6                _INT_Excep_RIIC2_EEI2
 .text.INT_Excep_RIIC2_RXI2
                0xfff008ae        0x8 ./generate/inthandler.o
                0xfff008ae                _INT_Excep_RIIC2_RXI2
 .text.INT_Excep_RIIC2_TXI2
                0xfff008b6        0x8 ./generate/inthandler.o
                0xfff008b6                _INT_Excep_RIIC2_TXI2
 .text.INT_Excep_RIIC2_TEI2
                0xfff008be        0x8 ./generate/inthandler.o
                0xfff008be                _INT_Excep_RIIC2_TEI2
 .text.INT_Excep_RIIC3_EEI3
                0xfff008c6        0x8 ./generate/inthandler.o
                0xfff008c6                _INT_Excep_RIIC3_EEI3
 .text.INT_Excep_RIIC3_RXI3
                0xfff008ce        0x8 ./generate/inthandler.o
                0xfff008ce                _INT_Excep_RIIC3_RXI3
 .text.INT_Excep_RIIC3_TXI3
                0xfff008d6        0x8 ./generate/inthandler.o
                0xfff008d6                _INT_Excep_RIIC3_TXI3
 .text.INT_Excep_RIIC3_TEI3
                0xfff008de        0x8 ./generate/inthandler.o
                0xfff008de                _INT_Excep_RIIC3_TEI3
 .text.INT_Excep_DMAC_DMAC0I
                0xfff008e6        0x8 ./generate/inthandler.o
                0xfff008e6                _INT_Excep_DMAC_DMAC0I
 .text.INT_Excep_DMAC_DMAC1I
                0xfff008ee        0x8 ./generate/inthandler.o
                0xfff008ee                _INT_Excep_DMAC_DMAC1I
 .text.INT_Excep_DMAC_DMAC2I
                0xfff008f6        0x8 ./generate/inthandler.o
                0xfff008f6                _INT_Excep_DMAC_DMAC2I
 .text.INT_Excep_DMAC_DMAC3I
                0xfff008fe        0x8 ./generate/inthandler.o
                0xfff008fe                _INT_Excep_DMAC_DMAC3I
 .text.INT_Excep_EXDMAC_EXDMAC0I
                0xfff00906        0x8 ./generate/inthandler.o
                0xfff00906                _INT_Excep_EXDMAC_EXDMAC0I
 .text.INT_Excep_EXDMAC_EXDMAC1I
                0xfff0090e        0x8 ./generate/inthandler.o
                0xfff0090e                _INT_Excep_EXDMAC_EXDMAC1I
 .text.INT_Excep_DEU_DEU0
                0xfff00916        0x8 ./generate/inthandler.o
                0xfff00916                _INT_Excep_DEU_DEU0
 .text.INT_Excep_DEU_DEU1
                0xfff0091e        0x8 ./generate/inthandler.o
                0xfff0091e                _INT_Excep_DEU_DEU1
 .text.INT_Excep_PDC_PCDFI
                0xfff00926        0x8 ./generate/inthandler.o
                0xfff00926                _INT_Excep_PDC_PCDFI
 .text.INT_Excep_PDC_PCFEI
                0xfff0092e        0x8 ./generate/inthandler.o
                0xfff0092e                _INT_Excep_PDC_PCFEI
 .text.INT_Excep_PDC_PCERI
                0xfff00936        0x8 ./generate/inthandler.o
                0xfff00936                _INT_Excep_PDC_PCERI
 .text.INT_Excep_SCI0_RXI0
                0xfff0093e        0x8 ./generate/inthandler.o
                0xfff0093e                _INT_Excep_SCI0_RXI0
 .text.INT_Excep_SCI0_TXI0
                0xfff00946        0x8 ./generate/inthandler.o
                0xfff00946                _INT_Excep_SCI0_TXI0
 .text.INT_Excep_SCI0_TEI0
                0xfff0094e        0x8 ./generate/inthandler.o
                0xfff0094e                _INT_Excep_SCI0_TEI0
 .text.INT_Excep_SCI1_RXI1
                0xfff00956        0x8 ./generate/inthandler.o
                0xfff00956                _INT_Excep_SCI1_RXI1
 .text.INT_Excep_SCI1_TXI1
                0xfff0095e        0x8 ./generate/inthandler.o
                0xfff0095e                _INT_Excep_SCI1_TXI1
 .text.INT_Excep_SCI1_TEI1
                0xfff00966        0x8 ./generate/inthandler.o
                0xfff00966                _INT_Excep_SCI1_TEI1
 .text.INT_Excep_SCI2_RXI2
                0xfff0096e        0x8 ./generate/inthandler.o
                0xfff0096e                _INT_Excep_SCI2_RXI2
 .text.INT_Excep_SCI2_TXI2
                0xfff00976        0x8 ./generate/inthandler.o
                0xfff00976                _INT_Excep_SCI2_TXI2
 .text.INT_Excep_SCI2_TEI2
                0xfff0097e        0x8 ./generate/inthandler.o
                0xfff0097e                _INT_Excep_SCI2_TEI2
 .text.INT_Excep_SCI3_RXI3
                0xfff00986        0x8 ./generate/inthandler.o
                0xfff00986                _INT_Excep_SCI3_RXI3
 .text.INT_Excep_SCI3_TXI3
                0xfff0098e        0x8 ./generate/inthandler.o
                0xfff0098e                _INT_Excep_SCI3_TXI3
 .text.INT_Excep_SCI3_TEI3
                0xfff00996        0x8 ./generate/inthandler.o
                0xfff00996                _INT_Excep_SCI3_TEI3
 .text.INT_Excep_SCI4_RXI4
                0xfff0099e        0x8 ./generate/inthandler.o
                0xfff0099e                _INT_Excep_SCI4_RXI4
 .text.INT_Excep_SCI4_TXI4
                0xfff009a6        0x8 ./generate/inthandler.o
                0xfff009a6                _INT_Excep_SCI4_TXI4
 .text.INT_Excep_SCI4_TEI4
                0xfff009ae        0x8 ./generate/inthandler.o
                0xfff009ae                _INT_Excep_SCI4_TEI4
 .text.INT_Excep_SCI5_RXI5
                0xfff009b6        0x8 ./generate/inthandler.o
                0xfff009b6                _INT_Excep_SCI5_RXI5
 .text.INT_Excep_SCI5_TXI5
                0xfff009be        0x8 ./generate/inthandler.o
                0xfff009be                _INT_Excep_SCI5_TXI5
 .text.INT_Excep_SCI5_TEI5
                0xfff009c6        0x8 ./generate/inthandler.o
                0xfff009c6                _INT_Excep_SCI5_TEI5
 .text.INT_Excep_SCI6_RXI6
                0xfff009ce        0x8 ./generate/inthandler.o
                0xfff009ce                _INT_Excep_SCI6_RXI6
 .text.INT_Excep_SCI6_TXI6
                0xfff009d6        0x8 ./generate/inthandler.o
                0xfff009d6                _INT_Excep_SCI6_TXI6
 .text.INT_Excep_SCI6_TEI6
                0xfff009de        0x8 ./generate/inthandler.o
                0xfff009de                _INT_Excep_SCI6_TEI6
 .text.INT_Excep_SCI7_RXI7
                0xfff009e6        0x8 ./generate/inthandler.o
                0xfff009e6                _INT_Excep_SCI7_RXI7
 .text.INT_Excep_SCI7_TXI7
                0xfff009ee        0x8 ./generate/inthandler.o
                0xfff009ee                _INT_Excep_SCI7_TXI7
 .text.INT_Excep_SCI7_TEI7
                0xfff009f6        0x8 ./generate/inthandler.o
                0xfff009f6                _INT_Excep_SCI7_TEI7
 .text.INT_Excep_SCI8_RXI8
                0xfff009fe        0x8 ./generate/inthandler.o
                0xfff009fe                _INT_Excep_SCI8_RXI8
 .text.INT_Excep_SCI8_TXI8
                0xfff00a06        0x8 ./generate/inthandler.o
                0xfff00a06                _INT_Excep_SCI8_TXI8
 .text.INT_Excep_SCI8_TEI8
                0xfff00a0e        0x8 ./generate/inthandler.o
                0xfff00a0e                _INT_Excep_SCI8_TEI8
 .text.INT_Excep_SCI9_RXI9
                0xfff00a16        0x8 ./generate/inthandler.o
                0xfff00a16                _INT_Excep_SCI9_RXI9
 .text.INT_Excep_SCI9_TXI9
                0xfff00a1e        0x8 ./generate/inthandler.o
                0xfff00a1e                _INT_Excep_SCI9_TXI9
 .text.INT_Excep_SCI9_TEI9
                0xfff00a26        0x8 ./generate/inthandler.o
                0xfff00a26                _INT_Excep_SCI9_TEI9
 .text.INT_Excep_SCI10_RXI10
                0xfff00a2e        0x8 ./generate/inthandler.o
                0xfff00a2e                _INT_Excep_SCI10_RXI10
 .text.INT_Excep_SCI10_TXI10
                0xfff00a36        0x8 ./generate/inthandler.o
                0xfff00a36                _INT_Excep_SCI10_TXI10
 .text.INT_Excep_SCI10_TEI10
                0xfff00a3e        0x8 ./generate/inthandler.o
                0xfff00a3e                _INT_Excep_SCI10_TEI10
 .text.INT_Excep_SCI11_RXI11
                0xfff00a46        0x8 ./generate/inthandler.o
                0xfff00a46                _INT_Excep_SCI11_RXI11
 .text.INT_Excep_SCI11_TXI11
                0xfff00a4e        0x8 ./generate/inthandler.o
                0xfff00a4e                _INT_Excep_SCI11_TXI11
 .text.INT_Excep_SCI11_TEI11
                0xfff00a56        0x8 ./generate/inthandler.o
                0xfff00a56                _INT_Excep_SCI11_TEI11
 .text.INT_Excep_SCI12_RXI12
                0xfff00a5e        0x8 ./generate/inthandler.o
                0xfff00a5e                _INT_Excep_SCI12_RXI12
 .text.INT_Excep_SCI12_TXI12
                0xfff00a66        0x8 ./generate/inthandler.o
                0xfff00a66                _INT_Excep_SCI12_TXI12
 .text.INT_Excep_SCI12_TEI12
                0xfff00a6e        0x8 ./generate/inthandler.o
                0xfff00a6e                _INT_Excep_SCI12_TEI12
 .text.INT_Excep_IEB_IEBINT
                0xfff00a76        0x8 ./generate/inthandler.o
                0xfff00a76                _INT_Excep_IEB_IEBINT
 *(P)
 P              0xfff00a7e        0x0 ./src/Powerboard.o
 P              0xfff00a7e        0x0 ./src/board.o
 P              0xfff00a7e        0x0 ./src/e8504.o
 P              0xfff00a7e        0x0 ./generate/hwinit.o
 P              0xfff00a7e        0x0 ./generate/inthandler.o
 P              0xfff00a7e        0x0 ./generate/start.o
 P              0xfff00a7e        0x0 ./generate/vects.o
                0xfff00a7e                etext = .

.rvectors       0xfff00a80      0x400
                0xfff00a80                _rvectors_start = .
 *(.rvectors)
 .rvectors      0xfff00a80      0x400 ./generate/vects.o
                0xfff00a80                _RelocatableVectors
                0xfff00e80                _rvectors_end = .

.init           0xfff00e80       0x14
 *(.init)
 .init          0xfff00e80       0x14 ./generate/start.o
                0xfff00e80                __rx_init
                0xfff00e91                __rx_init_end
                0xfff00e94                __preinit_array_start = .
 *(.preinit_array)
                0xfff00e94                __preinit_array_end = .
                0xfff00e94                __init_array_start = ((. + 0x3) & 0xfffffffc)
 *(.init_array)
 *(SORT(.init_array.*))
                0xfff00e94                __init_array_end = .
                0xfff00e94                __fini_array_start = .
 *(.fini_array)
 *(SORT(.fini_array.*))
                0xfff00e94                __fini_array_end = .

.fini           0xfff00e94       0x10
 *(.fini)
 .fini          0xfff00e94       0x10 ./generate/start.o
                0xfff00e94                __rx_fini
                0xfff00e9d                __rx_fini_end

.got
 *(.got)
 *(.got.plt)

.rodata         0xfff00ea4        0x0
 *(.rodata)
 *(.rodata.*)
 *(C_1)
 *(C_2)
 *(C)
                0xfff00ea4                _erodata = .

.eh_frame_hdr
 *(.eh_frame_hdr)

.eh_frame
 *(.eh_frame)

.jcr
 *(.jcr)

.tors           0xfff00ea4        0x0
                0xfff00ea4                __CTOR_LIST__ = .
                0xfff00ea4                . = ALIGN (0x2)
                0xfff00ea4                ___ctors = .
 *(.ctors)
                0xfff00ea4                ___ctors_end = .
                0xfff00ea4                __CTOR_END__ = .
                0xfff00ea4                __DTOR_LIST__ = .
                0xfff00ea4                ___dtors = .
 *(.dtors)
                0xfff00ea4                ___dtors_end = .
                0xfff00ea4                __DTOR_END__ = .
                0xfff00ea4                . = ALIGN (0x2)
                0xfff00ea4                _mdata = .

.ustack         0x00000200        0x0
                0x00000200                _ustack = .

.istack         0x00000100        0x0
                0x00000100                _istack = .

.data           0x00000204        0x4 load address 0xfff00ea4
                0x00000204                _data = .
 *(.data)
 .data          0x00000204        0x4 ./generate/start.o
                0x00000204                ___dso_handle
 *(.data.*)
 *(D)
 *(D_1)
 D_1            0x00000208        0x0 ./src/Powerboard.o
 D_1            0x00000208        0x0 ./src/board.o
 D_1            0x00000208        0x0 ./src/e8504.o
 D_1            0x00000208        0x0 ./generate/hwinit.o
 D_1            0x00000208        0x0 ./generate/inthandler.o
 D_1            0x00000208        0x0 ./generate/start.o
 D_1            0x00000208        0x0 ./generate/vects.o
 *(D_2)
                0x00000208                _edata = .

.gcc_exc
 *(.gcc_exc)

.bss            0x00000208     0x2590 load address 0xfff00ea8
                0x00000208                _bss = .
 *(.bss)
 *(.bss.**)
 .bss.initialized.13935
                0x00000208        0x4 ./src/Powerboard.o
 *(COMMON)
 COMMON         0x0000020c        0xc ./src/board.o
                0x0000020c                _delay_counter
                0x00000210                _ms_counter
                0x00000214                _ms_counter2
 COMMON         0x00000218     0x2580 ./src/e8504.o
                0x00000218                _framebuffer_display_1
 *(B)
 *(B_1)
 B_1            0x00002798        0x0 ./src/Powerboard.o
 B_1            0x00002798        0x0 ./src/board.o
 B_1            0x00002798        0x0 ./src/e8504.o
 B_1            0x00002798        0x0 ./generate/hwinit.o
 B_1            0x00002798        0x0 ./generate/inthandler.o
 B_1            0x00002798        0x0 ./generate/start.o
 B_1            0x00002798        0x0 ./generate/vects.o
 *(B_2)
                0x00002798                _ebss = .
                0x00002798                _end = .
OUTPUT(Powerboard.elf elf32-rx-le)

.debug_frame    0x00000000     0x1ca8
 .debug_frame   0x00000000       0x5c ./src/Powerboard.o
 .debug_frame   0x0000005c       0xe4 ./src/board.o
 .debug_frame   0x00000140       0x64 ./src/e8504.o
 .debug_frame   0x000001a4       0x34 ./generate/hwinit.o
 .debug_frame   0x000001d8     0x1ad0 ./generate/inthandler.o

.debug_info     0x00000000     0x7a2d
 .debug_info    0x00000000      0x6bd ./src/Powerboard.o
 .debug_info    0x000006bd     0x5708 ./src/board.o
 .debug_info    0x00005dc5      0xc31 ./src/e8504.o
 .debug_info    0x000069f6       0x5a ./generate/hwinit.o
 .debug_info    0x00006a50      0xeed ./generate/inthandler.o
 .debug_info    0x0000793d       0x6c ./generate/start.o
 .debug_info    0x000079a9       0x84 ./generate/vects.o

.debug_abbrev   0x00000000      0x53d
 .debug_abbrev  0x00000000      0x143 ./src/Powerboard.o
 .debug_abbrev  0x00000143      0x1a2 ./src/board.o
 .debug_abbrev  0x000002e5      0x129 ./src/e8504.o
 .debug_abbrev  0x0000040e       0x37 ./generate/hwinit.o
 .debug_abbrev  0x00000445       0x7f ./generate/inthandler.o
 .debug_abbrev  0x000004c4       0x12 ./generate/start.o
 .debug_abbrev  0x000004d6       0x67 ./generate/vects.o

.debug_aranges  0x00000000      0x7c0
 .debug_aranges
                0x00000000       0x28 ./src/Powerboard.o
 .debug_aranges
                0x00000028       0x48 ./src/board.o
 .debug_aranges
                0x00000070       0x28 ./src/e8504.o
 .debug_aranges
                0x00000098       0x20 ./generate/hwinit.o
 .debug_aranges
                0x000000b8      0x6c0 ./generate/inthandler.o
 .debug_aranges
                0x00000778       0x30 ./generate/start.o
 .debug_aranges
                0x000007a8       0x18 ./generate/vects.o

.debug_ranges   0x00000000      0x750
 .debug_ranges  0x00000000       0x18 ./src/Powerboard.o
 .debug_ranges  0x00000018       0x38 ./src/board.o
 .debug_ranges  0x00000050       0x18 ./src/e8504.o
 .debug_ranges  0x00000068       0x10 ./generate/hwinit.o
 .debug_ranges  0x00000078      0x6b0 ./generate/inthandler.o
 .debug_ranges  0x00000728       0x28 ./generate/start.o

.debug_line     0x00000000     0x12e2
 .debug_line    0x00000000       0xc0 ./src/Powerboard.o
 .debug_line    0x000000c0      0x192 ./src/board.o
 .debug_line    0x00000252      0x11a ./src/e8504.o
 .debug_line    0x0000036c       0x47 ./generate/hwinit.o
 .debug_line    0x000003b3      0xe52 ./generate/inthandler.o
 .debug_line    0x00001205       0xa9 ./generate/start.o
 .debug_line    0x000012ae       0x34 ./generate/vects.o

.debug_str      0x00000000     0x456f
 .debug_str     0x00000000      0x171 ./src/Powerboard.o
                                0x1af (size before relaxing)
 .debug_str     0x00000171     0x3192 ./src/board.o
                               0x3356 (size before relaxing)
 .debug_str     0x00003303       0x7d ./src/e8504.o
                                0x1dd (size before relaxing)
 .debug_str     0x00003380       0x59 ./generate/hwinit.o
                                0x109 (size before relaxing)
 .debug_str     0x000033d9     0x115f ./generate/inthandler.o
                               0x1214 (size before relaxing)
 .debug_str     0x00004538       0x37 ./generate/vects.o
                                 0xe5 (size before relaxing)

.comment        0x00000000       0x2d
 .comment       0x00000000       0x2d ./src/Powerboard.o
                                 0x2e (size before relaxing)
 .comment       0x00000000       0x2e ./src/board.o
 .comment       0x00000000       0x2e ./src/e8504.o
 .comment       0x00000000       0x2e ./generate/hwinit.o
 .comment       0x00000000       0x2e ./generate/inthandler.o
 .comment       0x00000000       0x2e ./generate/vects.o

.sdata          0x00000000        0x0
 .sdata         0x00000000        0x0 ./generate/start.o
