
Allocating common symbols
Common symbol       size              file

delay_counter       0x4               ./src/board.o
framebuffer_display_1
                    0x2580            ./src/e8504.o
ms_counter          0x4               ./src/board.o
ms_counter2         0x4               ./src/board.o

Memory Configuration

Name             Origin             Length             Attributes
RAM              0x00000000         0x00020000
ROM              0xfff00000         0x00100000
*default*        0x00000000         0xffffffff

Linker script and memory map

LOAD ./src/Powerboard.o
LOAD ./src/board.o
LOAD ./src/e8504.o
LOAD ./generate/hwinit.o
LOAD ./generate/inthandler.o
LOAD ./generate/start.o
LOAD ./generate/vects.o
START GROUP
LOAD C:\projekte\Repo\PowerBoard\Firmware_e2\Powerboard\HardwareDebug\libPowerboard.a
LOAD c:/program files (x86)/gcc for renesas rx 4.8.4.201803-gnurx-elf/rx-elf/rx-elf/bin/../lib/gcc/rx-elf/4.8.4.201803-GNURX\libgcc.a
LOAD c:/program files (x86)/gcc for renesas rx 4.8.4.201803-gnurx-elf/rx-elf/rx-elf/bin/../lib/gcc/rx-elf/4.8.4.201803-GNURX/../../../../rx-elf/lib\libstdc++.a
END GROUP
LOAD c:/program files (x86)/gcc for renesas rx 4.8.4.201803-gnurx-elf/rx-elf/rx-elf/bin/../lib/gcc/rx-elf/4.8.4.201803-GNURX/../../../../rx-elf/lib\libstdc++.a
LOAD c:/program files (x86)/gcc for renesas rx 4.8.4.201803-gnurx-elf/rx-elf/rx-elf/bin/../lib/gcc/rx-elf/4.8.4.201803-GNURX/../../../../rx-elf/lib\libm.a
LOAD c:/program files (x86)/gcc for renesas rx 4.8.4.201803-gnurx-elf/rx-elf/rx-elf/bin/../lib/gcc/rx-elf/4.8.4.201803-GNURX\libgcc.a
START GROUP
LOAD c:/program files (x86)/gcc for renesas rx 4.8.4.201803-gnurx-elf/rx-elf/rx-elf/bin/../lib/gcc/rx-elf/4.8.4.201803-GNURX/../../../../rx-elf/lib\libc.a
LOAD c:/program files (x86)/gcc for renesas rx 4.8.4.201803-gnurx-elf/rx-elf/rx-elf/bin/../lib/gcc/rx-elf/4.8.4.201803-GNURX/../../../../rx-elf/lib\libnosys.a
END GROUP
LOAD c:/program files (x86)/gcc for renesas rx 4.8.4.201803-gnurx-elf/rx-elf/rx-elf/bin/../lib/gcc/rx-elf/4.8.4.201803-GNURX\libgcc.a

.fvectors       0xffffff80       0x80
 *(.fvectors)
 .fvectors      0xffffff80       0x80 ./generate/vects.o
                0xffffff80                _HardwareVectors

.text           0xfff00000      0xafa
 *(.text)
 .text          0xfff00000       0xd7 ./generate/start.o
                0xfff00000                _PowerON_Reset
                0xfff0007e                _rx_run_preinit_array
                0xfff00092                _rx_run_init_array
                0xfff000a8                _rx_run_fini_array
 *(.text.*)
 .text.__main   0xfff000d7       0x3d ./src/Powerboard.o
                0xfff000d7                ___main
 .text.main     0xfff00114       0x3a ./src/Powerboard.o
                0xfff00114                _main
 .text.init_clock
                0xfff0014e       0x88 ./src/board.o
                0xfff0014e                _init_clock
 .text.Timer_MTU3_init
                0xfff001d6       0x9c ./src/board.o
                0xfff001d6                _Timer_MTU3_init
 .text.init_board
                0xfff00272       0x13 ./src/board.o
                0xfff00272                _init_board
 .text.delay_ms
                0xfff00285       0x25 ./src/board.o
                0xfff00285                _delay_ms
 .text.SysTick_Handler
                0xfff002aa       0x4c ./src/board.o
                0xfff002aa                _SysTick_Handler
 .text.init_IO  0xfff002f6       0x88 ./src/board.o
                0xfff002f6                _init_IO
 .text.delay_nop
                0xfff0037e       0x1a ./src/e8504.o
                0xfff0037e                _delay_nop
 .text.e8504_testpattern
                0xfff00398       0x4b ./src/e8504.o
                0xfff00398                _e8504_testpattern
 .text.update_display
                0xfff003e3       0x72 ./src/e8504.o
                0xfff003e3                _update_display
 .text.HardwareSetup
                0xfff00455        0x7 ./generate/hwinit.o
                0xfff00455                _HardwareSetup
 .text.INT_Excep_SuperVisorInst
                0xfff0045c        0x8 ./generate/inthandler.o
                0xfff0045c                _INT_Excep_SuperVisorInst
 .text.INT_Excep_AccessInst
                0xfff00464        0x8 ./generate/inthandler.o
                0xfff00464                _INT_Excep_AccessInst
 .text.INT_Excep_UndefinedInst
                0xfff0046c        0x8 ./generate/inthandler.o
                0xfff0046c                _INT_Excep_UndefinedInst
 .text.INT_Excep_FloatingPoint
                0xfff00474        0x8 ./generate/inthandler.o
                0xfff00474                _INT_Excep_FloatingPoint
 .text.INT_NonMaskableInterrupt
                0xfff0047c        0x8 ./generate/inthandler.o
                0xfff0047c                _INT_NonMaskableInterrupt
 .text.INT_Dummy
                0xfff00484        0x8 ./generate/inthandler.o
                0xfff00484                _INT_Dummy
 .text.INT_Excep_BRK
                0xfff0048c        0x8 ./generate/inthandler.o
                0xfff0048c                _INT_Excep_BRK
 .text.INT_Excep_BSC_BUSERR
                0xfff00494        0x8 ./generate/inthandler.o
                0xfff00494                _INT_Excep_BSC_BUSERR
 .text.INT_Excep_FCU_FIFERR
                0xfff0049c        0x8 ./generate/inthandler.o
                0xfff0049c                _INT_Excep_FCU_FIFERR
 .text.INT_Excep_FCU_FRDYI
                0xfff004a4        0x8 ./generate/inthandler.o
                0xfff004a4                _INT_Excep_FCU_FRDYI
 .text.INT_Excep_ICU_SWINT
                0xfff004ac        0x8 ./generate/inthandler.o
                0xfff004ac                _INT_Excep_ICU_SWINT
 .text.INT_Excep_CMT0_CMI0
                0xfff004b4        0x8 ./generate/inthandler.o
                0xfff004b4                _INT_Excep_CMT0_CMI0
 .text.INT_Excep_CMT1_CMI1
                0xfff004bc        0x8 ./generate/inthandler.o
                0xfff004bc                _INT_Excep_CMT1_CMI1
 .text.INT_Excep_CMT2_CMI2
                0xfff004c4        0x8 ./generate/inthandler.o
                0xfff004c4                _INT_Excep_CMT2_CMI2
 .text.INT_Excep_CMT3_CMI3
                0xfff004cc        0x8 ./generate/inthandler.o
                0xfff004cc                _INT_Excep_CMT3_CMI3
 .text.INT_Excep_ETHER_EINT
                0xfff004d4        0x8 ./generate/inthandler.o
                0xfff004d4                _INT_Excep_ETHER_EINT
 .text.INT_Excep_USB0_D0FIFO0
                0xfff004dc        0x8 ./generate/inthandler.o
                0xfff004dc                _INT_Excep_USB0_D0FIFO0
 .text.INT_Excep_USB0_D1FIFO0
                0xfff004e4        0x8 ./generate/inthandler.o
                0xfff004e4                _INT_Excep_USB0_D1FIFO0
 .text.INT_Excep_USB0_USBI0
                0xfff004ec        0x8 ./generate/inthandler.o
                0xfff004ec                _INT_Excep_USB0_USBI0
 .text.INT_Excep_USB1_D0FIFO1
                0xfff004f4        0x8 ./generate/inthandler.o
                0xfff004f4                _INT_Excep_USB1_D0FIFO1
 .text.INT_Excep_USB1_D1FIFO1
                0xfff004fc        0x8 ./generate/inthandler.o
                0xfff004fc                _INT_Excep_USB1_D1FIFO1
 .text.INT_Excep_USB1_USBI1
                0xfff00504        0x8 ./generate/inthandler.o
                0xfff00504                _INT_Excep_USB1_USBI1
 .text.INT_Excep_RSPI0_SPRI0
                0xfff0050c        0x8 ./generate/inthandler.o
                0xfff0050c                _INT_Excep_RSPI0_SPRI0
 .text.INT_Excep_RSPI0_SPTI0
                0xfff00514        0x8 ./generate/inthandler.o
                0xfff00514                _INT_Excep_RSPI0_SPTI0
 .text.INT_Excep_RSPI0_SPII0
                0xfff0051c        0x8 ./generate/inthandler.o
                0xfff0051c                _INT_Excep_RSPI0_SPII0
 .text.INT_Excep_RSPI1_SPRI1
                0xfff00524        0x8 ./generate/inthandler.o
                0xfff00524                _INT_Excep_RSPI1_SPRI1
 .text.INT_Excep_RSPI1_SPTI1
                0xfff0052c        0x8 ./generate/inthandler.o
                0xfff0052c                _INT_Excep_RSPI1_SPTI1
 .text.INT_Excep_RSPI1_SPII1
                0xfff00534        0x8 ./generate/inthandler.o
                0xfff00534                _INT_Excep_RSPI1_SPII1
 .text.INT_Excep_RSPI2_SPRI2
                0xfff0053c        0x8 ./generate/inthandler.o
                0xfff0053c                _INT_Excep_RSPI2_SPRI2
 .text.INT_Excep_RSPI2_SPTI2
                0xfff00544        0x8 ./generate/inthandler.o
                0xfff00544                _INT_Excep_RSPI2_SPTI2
 .text.INT_Excep_RSPI2_SPII2
                0xfff0054c        0x8 ./generate/inthandler.o
                0xfff0054c                _INT_Excep_RSPI2_SPII2
 .text.INT_Excep_CAN0_RXF0
                0xfff00554        0x8 ./generate/inthandler.o
                0xfff00554                _INT_Excep_CAN0_RXF0
 .text.INT_Excep_CAN0_TXF0
                0xfff0055c        0x8 ./generate/inthandler.o
                0xfff0055c                _INT_Excep_CAN0_TXF0
 .text.INT_Excep_CAN0_RXM0
                0xfff00564        0x8 ./generate/inthandler.o
                0xfff00564                _INT_Excep_CAN0_RXM0
 .text.INT_Excep_CAN0_TXM0
                0xfff0056c        0x8 ./generate/inthandler.o
                0xfff0056c                _INT_Excep_CAN0_TXM0
 .text.INT_Excep_CAN1_RXF1
                0xfff00574        0x8 ./generate/inthandler.o
                0xfff00574                _INT_Excep_CAN1_RXF1
 .text.INT_Excep_CAN1_TXF1
                0xfff0057c        0x8 ./generate/inthandler.o
                0xfff0057c                _INT_Excep_CAN1_TXF1
 .text.INT_Excep_CAN1_RXM1
                0xfff00584        0x8 ./generate/inthandler.o
                0xfff00584                _INT_Excep_CAN1_RXM1
 .text.INT_Excep_CAN1_TXM1
                0xfff0058c        0x8 ./generate/inthandler.o
                0xfff0058c                _INT_Excep_CAN1_TXM1
 .text.INT_Excep_CAN2_RXF2
                0xfff00594        0x8 ./generate/inthandler.o
                0xfff00594                _INT_Excep_CAN2_RXF2
 .text.INT_Excep_CAN2_TXF2
                0xfff0059c        0x8 ./generate/inthandler.o
                0xfff0059c                _INT_Excep_CAN2_TXF2
 .text.INT_Excep_CAN2_RXM2
                0xfff005a4        0x8 ./generate/inthandler.o
                0xfff005a4                _INT_Excep_CAN2_RXM2
 .text.INT_Excep_CAN2_TXM2
                0xfff005ac        0x8 ./generate/inthandler.o
                0xfff005ac                _INT_Excep_CAN2_TXM2
 .text.INT_Excep_RTC_CUP
                0xfff005b4        0x8 ./generate/inthandler.o
                0xfff005b4                _INT_Excep_RTC_CUP
 .text.INT_Excep_ICU_IRQ0
                0xfff005bc        0x8 ./generate/inthandler.o
                0xfff005bc                _INT_Excep_ICU_IRQ0
 .text.INT_Excep_ICU_IRQ1
                0xfff005c4        0x8 ./generate/inthandler.o
                0xfff005c4                _INT_Excep_ICU_IRQ1
 .text.INT_Excep_ICU_IRQ2
                0xfff005cc        0x8 ./generate/inthandler.o
                0xfff005cc                _INT_Excep_ICU_IRQ2
 .text.INT_Excep_ICU_IRQ3
                0xfff005d4        0x8 ./generate/inthandler.o
                0xfff005d4                _INT_Excep_ICU_IRQ3
 .text.INT_Excep_ICU_IRQ4
                0xfff005dc        0x8 ./generate/inthandler.o
                0xfff005dc                _INT_Excep_ICU_IRQ4
 .text.INT_Excep_ICU_IRQ5
                0xfff005e4        0x8 ./generate/inthandler.o
                0xfff005e4                _INT_Excep_ICU_IRQ5
 .text.INT_Excep_ICU_IRQ6
                0xfff005ec        0x8 ./generate/inthandler.o
                0xfff005ec                _INT_Excep_ICU_IRQ6
 .text.INT_Excep_ICU_IRQ7
                0xfff005f4        0x8 ./generate/inthandler.o
                0xfff005f4                _INT_Excep_ICU_IRQ7
 .text.INT_Excep_ICU_IRQ8
                0xfff005fc        0x8 ./generate/inthandler.o
                0xfff005fc                _INT_Excep_ICU_IRQ8
 .text.INT_Excep_ICU_IRQ9
                0xfff00604        0x8 ./generate/inthandler.o
                0xfff00604                _INT_Excep_ICU_IRQ9
 .text.INT_Excep_ICU_IRQ10
                0xfff0060c        0x8 ./generate/inthandler.o
                0xfff0060c                _INT_Excep_ICU_IRQ10
 .text.INT_Excep_ICU_IRQ11
                0xfff00614        0x8 ./generate/inthandler.o
                0xfff00614                _INT_Excep_ICU_IRQ11
 .text.INT_Excep_ICU_IRQ12
                0xfff0061c        0x8 ./generate/inthandler.o
                0xfff0061c                _INT_Excep_ICU_IRQ12
 .text.INT_Excep_ICU_IRQ13
                0xfff00624        0x8 ./generate/inthandler.o
                0xfff00624                _INT_Excep_ICU_IRQ13
 .text.INT_Excep_ICU_IRQ14
                0xfff0062c        0x8 ./generate/inthandler.o
                0xfff0062c                _INT_Excep_ICU_IRQ14
 .text.INT_Excep_ICU_IRQ15
                0xfff00634        0x8 ./generate/inthandler.o
                0xfff00634                _INT_Excep_ICU_IRQ15
 .text.INT_Excep_USB_USBR0
                0xfff0063c        0x8 ./generate/inthandler.o
                0xfff0063c                _INT_Excep_USB_USBR0
 .text.INT_Excep_USB_USBR1
                0xfff00644        0x8 ./generate/inthandler.o
                0xfff00644                _INT_Excep_USB_USBR1
 .text.INT_Excep_RTC_ALM
                0xfff0064c        0x8 ./generate/inthandler.o
                0xfff0064c                _INT_Excep_RTC_ALM
 .text.INT_Excep_RTC_PRD
                0xfff00654        0x8 ./generate/inthandler.o
                0xfff00654                _INT_Excep_RTC_PRD
 .text.INT_Excep_AD_ADI0
                0xfff0065c        0x8 ./generate/inthandler.o
                0xfff0065c                _INT_Excep_AD_ADI0
 .text.INT_Excep_S12AD_S12ADI0
                0xfff00664        0x8 ./generate/inthandler.o
                0xfff00664                _INT_Excep_S12AD_S12ADI0
 .text.INT_Excep_ICU_GROUP0
                0xfff0066c        0x8 ./generate/inthandler.o
                0xfff0066c                _INT_Excep_ICU_GROUP0
 .text.INT_Excep_ICU_GROUP1
                0xfff00674        0x8 ./generate/inthandler.o
                0xfff00674                _INT_Excep_ICU_GROUP1
 .text.INT_Excep_ICU_GROUP2
                0xfff0067c        0x8 ./generate/inthandler.o
                0xfff0067c                _INT_Excep_ICU_GROUP2
 .text.INT_Excep_ICU_GROUP3
                0xfff00684        0x8 ./generate/inthandler.o
                0xfff00684                _INT_Excep_ICU_GROUP3
 .text.INT_Excep_ICU_GROUP4
                0xfff0068c        0x8 ./generate/inthandler.o
                0xfff0068c                _INT_Excep_ICU_GROUP4
 .text.INT_Excep_ICU_GROUP5
                0xfff00694        0x8 ./generate/inthandler.o
                0xfff00694                _INT_Excep_ICU_GROUP5
 .text.INT_Excep_ICU_GROUP6
                0xfff0069c        0x8 ./generate/inthandler.o
                0xfff0069c                _INT_Excep_ICU_GROUP6
 .text.INT_Excep_ICU_GROUP12
                0xfff006a4        0x8 ./generate/inthandler.o
                0xfff006a4                _INT_Excep_ICU_GROUP12
 .text.INT_Excep_SCI12_SCIX0
                0xfff006ac        0x8 ./generate/inthandler.o
                0xfff006ac                _INT_Excep_SCI12_SCIX0
 .text.INT_Excep_SCI12_SCIX1
                0xfff006b4        0x8 ./generate/inthandler.o
                0xfff006b4                _INT_Excep_SCI12_SCIX1
 .text.INT_Excep_SCI12_SCIX2
                0xfff006bc        0x8 ./generate/inthandler.o
                0xfff006bc                _INT_Excep_SCI12_SCIX2
 .text.INT_Excep_SCI12_SCIX3
                0xfff006c4        0x8 ./generate/inthandler.o
                0xfff006c4                _INT_Excep_SCI12_SCIX3
 .text.INT_Excep_TPU0_TGI0A
                0xfff006cc        0x8 ./generate/inthandler.o
                0xfff006cc                _INT_Excep_TPU0_TGI0A
 .text.INT_Excep_TPU0_TGI0B
                0xfff006d4        0x8 ./generate/inthandler.o
                0xfff006d4                _INT_Excep_TPU0_TGI0B
 .text.INT_Excep_TPU0_TGI0C
                0xfff006dc        0x8 ./generate/inthandler.o
                0xfff006dc                _INT_Excep_TPU0_TGI0C
 .text.INT_Excep_TPU0_TGI0D
                0xfff006e4        0x8 ./generate/inthandler.o
                0xfff006e4                _INT_Excep_TPU0_TGI0D
 .text.INT_Excep_TPU1_TGI1A
                0xfff006ec        0x8 ./generate/inthandler.o
                0xfff006ec                _INT_Excep_TPU1_TGI1A
 .text.INT_Excep_TPU1_TGI1B
                0xfff006f4        0x8 ./generate/inthandler.o
                0xfff006f4                _INT_Excep_TPU1_TGI1B
 .text.INT_Excep_TPU2_TGI2A
                0xfff006fc        0x8 ./generate/inthandler.o
                0xfff006fc                _INT_Excep_TPU2_TGI2A
 .text.INT_Excep_TPU2_TGI2B
                0xfff00704        0x8 ./generate/inthandler.o
                0xfff00704                _INT_Excep_TPU2_TGI2B
 .text.INT_Excep_TPU3_TGI3A
                0xfff0070c        0x8 ./generate/inthandler.o
                0xfff0070c                _INT_Excep_TPU3_TGI3A
 .text.INT_Excep_TPU3_TGI3B
                0xfff00714        0x8 ./generate/inthandler.o
                0xfff00714                _INT_Excep_TPU3_TGI3B
 .text.INT_Excep_TPU3_TGI3C
                0xfff0071c        0x8 ./generate/inthandler.o
                0xfff0071c                _INT_Excep_TPU3_TGI3C
 .text.INT_Excep_TPU3_TGI3D
                0xfff00724        0x8 ./generate/inthandler.o
                0xfff00724                _INT_Excep_TPU3_TGI3D
 .text.INT_Excep_TPU4_TGI4A
                0xfff0072c        0x8 ./generate/inthandler.o
                0xfff0072c                _INT_Excep_TPU4_TGI4A
 .text.INT_Excep_TPU4_TGI4B
                0xfff00734        0x8 ./generate/inthandler.o
                0xfff00734                _INT_Excep_TPU4_TGI4B
 .text.INT_Excep_TPU5_TGI5A
                0xfff0073c        0x8 ./generate/inthandler.o
                0xfff0073c                _INT_Excep_TPU5_TGI5A
 .text.INT_Excep_TPU5_TGI5B
                0xfff00744        0x8 ./generate/inthandler.o
                0xfff00744                _INT_Excep_TPU5_TGI5B
 .text.INT_Excep_TPU6_TGI6A
                0xfff0074c        0x8 ./generate/inthandler.o
                0xfff0074c                _INT_Excep_TPU6_TGI6A
 .text.INT_Excep_TPU6_TGI6B
                0xfff00754        0x8 ./generate/inthandler.o
                0xfff00754                _INT_Excep_TPU6_TGI6B
 .text.INT_Excep_TPU6_TGI6C
                0xfff0075c        0x8 ./generate/inthandler.o
                0xfff0075c                _INT_Excep_TPU6_TGI6C
 .text.INT_Excep_TPU6_TGI6D
                0xfff00764        0x8 ./generate/inthandler.o
                0xfff00764                _INT_Excep_TPU6_TGI6D
 .text.INT_Excep_MTU0_TGIA0
                0xfff0076c        0x7 ./generate/inthandler.o
                0xfff0076c                _INT_Excep_MTU0_TGIA0
 .text.INT_Excep_MTU0_TGIB0
                0xfff00773        0x7 ./generate/inthandler.o
                0xfff00773                _INT_Excep_MTU0_TGIB0
 .text.INT_Excep_MTU0_TGIC0
                0xfff0077a        0x7 ./generate/inthandler.o
                0xfff0077a                _INT_Excep_MTU0_TGIC0
 .text.INT_Excep_MTU0_TGID0
                0xfff00781        0x7 ./generate/inthandler.o
                0xfff00781                _INT_Excep_MTU0_TGID0
 .text.INT_Excep_MTU0_TGIE0
                0xfff00788        0x8 ./generate/inthandler.o
                0xfff00788                _INT_Excep_MTU0_TGIE0
 .text.INT_Excep_MTU0_TGIF0
                0xfff00790        0x8 ./generate/inthandler.o
                0xfff00790                _INT_Excep_MTU0_TGIF0
 .text.INT_Excep_TPU7_TGI7A
                0xfff00798        0x8 ./generate/inthandler.o
                0xfff00798                _INT_Excep_TPU7_TGI7A
 .text.INT_Excep_TPU7_TGI7B
                0xfff007a0        0x8 ./generate/inthandler.o
                0xfff007a0                _INT_Excep_TPU7_TGI7B
 .text.INT_Excep_MTU1_TGIA1
                0xfff007a8        0x7 ./generate/inthandler.o
                0xfff007a8                _INT_Excep_MTU1_TGIA1
 .text.INT_Excep_MTU1_TGIB1
                0xfff007af        0x7 ./generate/inthandler.o
                0xfff007af                _INT_Excep_MTU1_TGIB1
 .text.INT_Excep_TPU8_TGI8A
                0xfff007b6        0x8 ./generate/inthandler.o
                0xfff007b6                _INT_Excep_TPU8_TGI8A
 .text.INT_Excep_TPU8_TGI8B
                0xfff007be        0x8 ./generate/inthandler.o
                0xfff007be                _INT_Excep_TPU8_TGI8B
 .text.INT_Excep_MTU2_TGIA2
                0xfff007c6        0x7 ./generate/inthandler.o
                0xfff007c6                _INT_Excep_MTU2_TGIA2
 .text.INT_Excep_MTU2_TGIB2
                0xfff007cd        0x7 ./generate/inthandler.o
                0xfff007cd                _INT_Excep_MTU2_TGIB2
 .text.INT_Excep_TPU9_TGI9A
                0xfff007d4        0x8 ./generate/inthandler.o
                0xfff007d4                _INT_Excep_TPU9_TGI9A
 .text.INT_Excep_TPU9_TGI9B
                0xfff007dc        0xc ./generate/inthandler.o
                0xfff007dc                _INT_Excep_TPU9_TGI9B
 .text.INT_Excep_TPU9_TGI9C
                0xfff007e8        0x8 ./generate/inthandler.o
                0xfff007e8                _INT_Excep_TPU9_TGI9C
 .text.INT_Excep_TPU9_TGI9D
                0xfff007f0        0x8 ./generate/inthandler.o
                0xfff007f0                _INT_Excep_TPU9_TGI9D
 .text.INT_Excep_MTU3_TGIA3
                0xfff007f8        0x7 ./generate/inthandler.o
                0xfff007f8                _INT_Excep_MTU3_TGIA3
 .text.INT_Excep_MTU3_TGIB3
                0xfff007ff        0x7 ./generate/inthandler.o
                0xfff007ff                _INT_Excep_MTU3_TGIB3
 .text.INT_Excep_MTU3_TGIC3
                0xfff00806        0x7 ./generate/inthandler.o
                0xfff00806                _INT_Excep_MTU3_TGIC3
 .text.INT_Excep_MTU3_TGID3
                0xfff0080d        0x7 ./generate/inthandler.o
                0xfff0080d                _INT_Excep_MTU3_TGID3
 .text.INT_Excep_TPU10_TGI10A
                0xfff00814        0x8 ./generate/inthandler.o
                0xfff00814                _INT_Excep_TPU10_TGI10A
 .text.INT_Excep_TPU10_TGI10B
                0xfff0081c        0x8 ./generate/inthandler.o
                0xfff0081c                _INT_Excep_TPU10_TGI10B
 .text.INT_Excep_MTU4_TGIA4
                0xfff00824        0x7 ./generate/inthandler.o
                0xfff00824                _INT_Excep_MTU4_TGIA4
 .text.INT_Excep_MTU4_TGIB4
                0xfff0082b        0x7 ./generate/inthandler.o
                0xfff0082b                _INT_Excep_MTU4_TGIB4
 .text.INT_Excep_MTU4_TGIC4
                0xfff00832        0x8 ./generate/inthandler.o
                0xfff00832                _INT_Excep_MTU4_TGIC4
 .text.INT_Excep_MTU4_TGID4
                0xfff0083a        0x8 ./generate/inthandler.o
                0xfff0083a                _INT_Excep_MTU4_TGID4
 .text.INT_Excep_MTU4_TCIV4
                0xfff00842        0x8 ./generate/inthandler.o
                0xfff00842                _INT_Excep_MTU4_TCIV4
 .text.INT_Excep_TPU11_TGI11A
                0xfff0084a        0x8 ./generate/inthandler.o
                0xfff0084a                _INT_Excep_TPU11_TGI11A
 .text.INT_Excep_TPU11_TGI11B
                0xfff00852        0x8 ./generate/inthandler.o
                0xfff00852                _INT_Excep_TPU11_TGI11B
 .text.INT_Excep_MTU5_TGIU5
                0xfff0085a        0x8 ./generate/inthandler.o
                0xfff0085a                _INT_Excep_MTU5_TGIU5
 .text.INT_Excep_MTU5_TGIV5
                0xfff00862        0x8 ./generate/inthandler.o
                0xfff00862                _INT_Excep_MTU5_TGIV5
 .text.INT_Excep_MTU5_TGIW5
                0xfff0086a        0x8 ./generate/inthandler.o
                0xfff0086a                _INT_Excep_MTU5_TGIW5
 .text.INT_Excep_POE_OEI1
                0xfff00872        0x8 ./generate/inthandler.o
                0xfff00872                _INT_Excep_POE_OEI1
 .text.INT_Excep_POE_OEI2
                0xfff0087a        0x8 ./generate/inthandler.o
                0xfff0087a                _INT_Excep_POE_OEI2
 .text.INT_Excep_TMR0_CMIA0
                0xfff00882        0x8 ./generate/inthandler.o
                0xfff00882                _INT_Excep_TMR0_CMIA0
 .text.INT_Excep_TMR0_CMIB0
                0xfff0088a        0x8 ./generate/inthandler.o
                0xfff0088a                _INT_Excep_TMR0_CMIB0
 .text.INT_Excep_TMR0_OVI0
                0xfff00892        0x8 ./generate/inthandler.o
                0xfff00892                _INT_Excep_TMR0_OVI0
 .text.INT_Excep_TMR1_CMIA1
                0xfff0089a        0x8 ./generate/inthandler.o
                0xfff0089a                _INT_Excep_TMR1_CMIA1
 .text.INT_Excep_TMR1_CMIB1
                0xfff008a2        0x8 ./generate/inthandler.o
                0xfff008a2                _INT_Excep_TMR1_CMIB1
 .text.INT_Excep_TMR1_OVI1
                0xfff008aa        0x8 ./generate/inthandler.o
                0xfff008aa                _INT_Excep_TMR1_OVI1
 .text.INT_Excep_TMR2_CMIA2
                0xfff008b2        0x8 ./generate/inthandler.o
                0xfff008b2                _INT_Excep_TMR2_CMIA2
 .text.INT_Excep_TMR2_CMIB2
                0xfff008ba        0x8 ./generate/inthandler.o
                0xfff008ba                _INT_Excep_TMR2_CMIB2
 .text.INT_Excep_TMR2_OVI2
                0xfff008c2        0x8 ./generate/inthandler.o
                0xfff008c2                _INT_Excep_TMR2_OVI2
 .text.INT_Excep_TMR3_CMIA3
                0xfff008ca        0x8 ./generate/inthandler.o
                0xfff008ca                _INT_Excep_TMR3_CMIA3
 .text.INT_Excep_TMR3_CMIB3
                0xfff008d2        0x8 ./generate/inthandler.o
                0xfff008d2                _INT_Excep_TMR3_CMIB3
 .text.INT_Excep_TMR3_OVI3
                0xfff008da        0x8 ./generate/inthandler.o
                0xfff008da                _INT_Excep_TMR3_OVI3
 .text.INT_Excep_RIIC0_EEI0
                0xfff008e2        0x8 ./generate/inthandler.o
                0xfff008e2                _INT_Excep_RIIC0_EEI0
 .text.INT_Excep_RIIC0_RXI0
                0xfff008ea        0x8 ./generate/inthandler.o
                0xfff008ea                _INT_Excep_RIIC0_RXI0
 .text.INT_Excep_RIIC0_TXI0
                0xfff008f2        0x8 ./generate/inthandler.o
                0xfff008f2                _INT_Excep_RIIC0_TXI0
 .text.INT_Excep_RIIC0_TEI0
                0xfff008fa        0x8 ./generate/inthandler.o
                0xfff008fa                _INT_Excep_RIIC0_TEI0
 .text.INT_Excep_RIIC1_EEI1
                0xfff00902        0x8 ./generate/inthandler.o
                0xfff00902                _INT_Excep_RIIC1_EEI1
 .text.INT_Excep_RIIC1_RXI1
                0xfff0090a        0x8 ./generate/inthandler.o
                0xfff0090a                _INT_Excep_RIIC1_RXI1
 .text.INT_Excep_RIIC1_TXI1
                0xfff00912        0x8 ./generate/inthandler.o
                0xfff00912                _INT_Excep_RIIC1_TXI1
 .text.INT_Excep_RIIC1_TEI1
                0xfff0091a        0x8 ./generate/inthandler.o
                0xfff0091a                _INT_Excep_RIIC1_TEI1
 .text.INT_Excep_RIIC2_EEI2
                0xfff00922        0x8 ./generate/inthandler.o
                0xfff00922                _INT_Excep_RIIC2_EEI2
 .text.INT_Excep_RIIC2_RXI2
                0xfff0092a        0x8 ./generate/inthandler.o
                0xfff0092a                _INT_Excep_RIIC2_RXI2
 .text.INT_Excep_RIIC2_TXI2
                0xfff00932        0x8 ./generate/inthandler.o
                0xfff00932                _INT_Excep_RIIC2_TXI2
 .text.INT_Excep_RIIC2_TEI2
                0xfff0093a        0x8 ./generate/inthandler.o
                0xfff0093a                _INT_Excep_RIIC2_TEI2
 .text.INT_Excep_RIIC3_EEI3
                0xfff00942        0x8 ./generate/inthandler.o
                0xfff00942                _INT_Excep_RIIC3_EEI3
 .text.INT_Excep_RIIC3_RXI3
                0xfff0094a        0x8 ./generate/inthandler.o
                0xfff0094a                _INT_Excep_RIIC3_RXI3
 .text.INT_Excep_RIIC3_TXI3
                0xfff00952        0x8 ./generate/inthandler.o
                0xfff00952                _INT_Excep_RIIC3_TXI3
 .text.INT_Excep_RIIC3_TEI3
                0xfff0095a        0x8 ./generate/inthandler.o
                0xfff0095a                _INT_Excep_RIIC3_TEI3
 .text.INT_Excep_DMAC_DMAC0I
                0xfff00962        0x8 ./generate/inthandler.o
                0xfff00962                _INT_Excep_DMAC_DMAC0I
 .text.INT_Excep_DMAC_DMAC1I
                0xfff0096a        0x8 ./generate/inthandler.o
                0xfff0096a                _INT_Excep_DMAC_DMAC1I
 .text.INT_Excep_DMAC_DMAC2I
                0xfff00972        0x8 ./generate/inthandler.o
                0xfff00972                _INT_Excep_DMAC_DMAC2I
 .text.INT_Excep_DMAC_DMAC3I
                0xfff0097a        0x8 ./generate/inthandler.o
                0xfff0097a                _INT_Excep_DMAC_DMAC3I
 .text.INT_Excep_EXDMAC_EXDMAC0I
                0xfff00982        0x8 ./generate/inthandler.o
                0xfff00982                _INT_Excep_EXDMAC_EXDMAC0I
 .text.INT_Excep_EXDMAC_EXDMAC1I
                0xfff0098a        0x8 ./generate/inthandler.o
                0xfff0098a                _INT_Excep_EXDMAC_EXDMAC1I
 .text.INT_Excep_DEU_DEU0
                0xfff00992        0x8 ./generate/inthandler.o
                0xfff00992                _INT_Excep_DEU_DEU0
 .text.INT_Excep_DEU_DEU1
                0xfff0099a        0x8 ./generate/inthandler.o
                0xfff0099a                _INT_Excep_DEU_DEU1
 .text.INT_Excep_PDC_PCDFI
                0xfff009a2        0x8 ./generate/inthandler.o
                0xfff009a2                _INT_Excep_PDC_PCDFI
 .text.INT_Excep_PDC_PCFEI
                0xfff009aa        0x8 ./generate/inthandler.o
                0xfff009aa                _INT_Excep_PDC_PCFEI
 .text.INT_Excep_PDC_PCERI
                0xfff009b2        0x8 ./generate/inthandler.o
                0xfff009b2                _INT_Excep_PDC_PCERI
 .text.INT_Excep_SCI0_RXI0
                0xfff009ba        0x8 ./generate/inthandler.o
                0xfff009ba                _INT_Excep_SCI0_RXI0
 .text.INT_Excep_SCI0_TXI0
                0xfff009c2        0x8 ./generate/inthandler.o
                0xfff009c2                _INT_Excep_SCI0_TXI0
 .text.INT_Excep_SCI0_TEI0
                0xfff009ca        0x8 ./generate/inthandler.o
                0xfff009ca                _INT_Excep_SCI0_TEI0
 .text.INT_Excep_SCI1_RXI1
                0xfff009d2        0x8 ./generate/inthandler.o
                0xfff009d2                _INT_Excep_SCI1_RXI1
 .text.INT_Excep_SCI1_TXI1
                0xfff009da        0x8 ./generate/inthandler.o
                0xfff009da                _INT_Excep_SCI1_TXI1
 .text.INT_Excep_SCI1_TEI1
                0xfff009e2        0x8 ./generate/inthandler.o
                0xfff009e2                _INT_Excep_SCI1_TEI1
 .text.INT_Excep_SCI2_RXI2
                0xfff009ea        0x8 ./generate/inthandler.o
                0xfff009ea                _INT_Excep_SCI2_RXI2
 .text.INT_Excep_SCI2_TXI2
                0xfff009f2        0x8 ./generate/inthandler.o
                0xfff009f2                _INT_Excep_SCI2_TXI2
 .text.INT_Excep_SCI2_TEI2
                0xfff009fa        0x8 ./generate/inthandler.o
                0xfff009fa                _INT_Excep_SCI2_TEI2
 .text.INT_Excep_SCI3_RXI3
                0xfff00a02        0x8 ./generate/inthandler.o
                0xfff00a02                _INT_Excep_SCI3_RXI3
 .text.INT_Excep_SCI3_TXI3
                0xfff00a0a        0x8 ./generate/inthandler.o
                0xfff00a0a                _INT_Excep_SCI3_TXI3
 .text.INT_Excep_SCI3_TEI3
                0xfff00a12        0x8 ./generate/inthandler.o
                0xfff00a12                _INT_Excep_SCI3_TEI3
 .text.INT_Excep_SCI4_RXI4
                0xfff00a1a        0x8 ./generate/inthandler.o
                0xfff00a1a                _INT_Excep_SCI4_RXI4
 .text.INT_Excep_SCI4_TXI4
                0xfff00a22        0x8 ./generate/inthandler.o
                0xfff00a22                _INT_Excep_SCI4_TXI4
 .text.INT_Excep_SCI4_TEI4
                0xfff00a2a        0x8 ./generate/inthandler.o
                0xfff00a2a                _INT_Excep_SCI4_TEI4
 .text.INT_Excep_SCI5_RXI5
                0xfff00a32        0x8 ./generate/inthandler.o
                0xfff00a32                _INT_Excep_SCI5_RXI5
 .text.INT_Excep_SCI5_TXI5
                0xfff00a3a        0x8 ./generate/inthandler.o
                0xfff00a3a                _INT_Excep_SCI5_TXI5
 .text.INT_Excep_SCI5_TEI5
                0xfff00a42        0x8 ./generate/inthandler.o
                0xfff00a42                _INT_Excep_SCI5_TEI5
 .text.INT_Excep_SCI6_RXI6
                0xfff00a4a        0x8 ./generate/inthandler.o
                0xfff00a4a                _INT_Excep_SCI6_RXI6
 .text.INT_Excep_SCI6_TXI6
                0xfff00a52        0x8 ./generate/inthandler.o
                0xfff00a52                _INT_Excep_SCI6_TXI6
 .text.INT_Excep_SCI6_TEI6
                0xfff00a5a        0x8 ./generate/inthandler.o
                0xfff00a5a                _INT_Excep_SCI6_TEI6
 .text.INT_Excep_SCI7_RXI7
                0xfff00a62        0x8 ./generate/inthandler.o
                0xfff00a62                _INT_Excep_SCI7_RXI7
 .text.INT_Excep_SCI7_TXI7
                0xfff00a6a        0x8 ./generate/inthandler.o
                0xfff00a6a                _INT_Excep_SCI7_TXI7
 .text.INT_Excep_SCI7_TEI7
                0xfff00a72        0x8 ./generate/inthandler.o
                0xfff00a72                _INT_Excep_SCI7_TEI7
 .text.INT_Excep_SCI8_RXI8
                0xfff00a7a        0x8 ./generate/inthandler.o
                0xfff00a7a                _INT_Excep_SCI8_RXI8
 .text.INT_Excep_SCI8_TXI8
                0xfff00a82        0x8 ./generate/inthandler.o
                0xfff00a82                _INT_Excep_SCI8_TXI8
 .text.INT_Excep_SCI8_TEI8
                0xfff00a8a        0x8 ./generate/inthandler.o
                0xfff00a8a                _INT_Excep_SCI8_TEI8
 .text.INT_Excep_SCI9_RXI9
                0xfff00a92        0x8 ./generate/inthandler.o
                0xfff00a92                _INT_Excep_SCI9_RXI9
 .text.INT_Excep_SCI9_TXI9
                0xfff00a9a        0x8 ./generate/inthandler.o
                0xfff00a9a                _INT_Excep_SCI9_TXI9
 .text.INT_Excep_SCI9_TEI9
                0xfff00aa2        0x8 ./generate/inthandler.o
                0xfff00aa2                _INT_Excep_SCI9_TEI9
 .text.INT_Excep_SCI10_RXI10
                0xfff00aaa        0x8 ./generate/inthandler.o
                0xfff00aaa                _INT_Excep_SCI10_RXI10
 .text.INT_Excep_SCI10_TXI10
                0xfff00ab2        0x8 ./generate/inthandler.o
                0xfff00ab2                _INT_Excep_SCI10_TXI10
 .text.INT_Excep_SCI10_TEI10
                0xfff00aba        0x8 ./generate/inthandler.o
                0xfff00aba                _INT_Excep_SCI10_TEI10
 .text.INT_Excep_SCI11_RXI11
                0xfff00ac2        0x8 ./generate/inthandler.o
                0xfff00ac2                _INT_Excep_SCI11_RXI11
 .text.INT_Excep_SCI11_TXI11
                0xfff00aca        0x8 ./generate/inthandler.o
                0xfff00aca                _INT_Excep_SCI11_TXI11
 .text.INT_Excep_SCI11_TEI11
                0xfff00ad2        0x8 ./generate/inthandler.o
                0xfff00ad2                _INT_Excep_SCI11_TEI11
 .text.INT_Excep_SCI12_RXI12
                0xfff00ada        0x8 ./generate/inthandler.o
                0xfff00ada                _INT_Excep_SCI12_RXI12
 .text.INT_Excep_SCI12_TXI12
                0xfff00ae2        0x8 ./generate/inthandler.o
                0xfff00ae2                _INT_Excep_SCI12_TXI12
 .text.INT_Excep_SCI12_TEI12
                0xfff00aea        0x8 ./generate/inthandler.o
                0xfff00aea                _INT_Excep_SCI12_TEI12
 .text.INT_Excep_IEB_IEBINT
                0xfff00af2        0x8 ./generate/inthandler.o
                0xfff00af2                _INT_Excep_IEB_IEBINT
 *(P)
 P              0xfff00afa        0x0 ./src/Powerboard.o
 P              0xfff00afa        0x0 ./src/board.o
 P              0xfff00afa        0x0 ./src/e8504.o
 P              0xfff00afa        0x0 ./generate/hwinit.o
 P              0xfff00afa        0x0 ./generate/inthandler.o
 P              0xfff00afa        0x0 ./generate/start.o
 P              0xfff00afa        0x0 ./generate/vects.o
                0xfff00afa                etext = .

.rvectors       0xfff00afc      0x400
                0xfff00afc                _rvectors_start = .
 *(.rvectors)
 .rvectors      0xfff00afc      0x400 ./generate/vects.o
                0xfff00afc                _RelocatableVectors
                0xfff00efc                _rvectors_end = .

.init           0xfff00efc       0x14
 *(.init)
 .init          0xfff00efc       0x14 ./generate/start.o
                0xfff00efc                __rx_init
                0xfff00f0d                __rx_init_end
                0xfff00f10                __preinit_array_start = .
 *(.preinit_array)
                0xfff00f10                __preinit_array_end = .
                0xfff00f10                __init_array_start = ((. + 0x3) & 0xfffffffc)
 *(.init_array)
 *(SORT(.init_array.*))
                0xfff00f10                __init_array_end = .
                0xfff00f10                __fini_array_start = .
 *(.fini_array)
 *(SORT(.fini_array.*))
                0xfff00f10                __fini_array_end = .

.fini           0xfff00f10       0x10
 *(.fini)
 .fini          0xfff00f10       0x10 ./generate/start.o
                0xfff00f10                __rx_fini
                0xfff00f19                __rx_fini_end

.got
 *(.got)
 *(.got.plt)

.rodata         0xfff00f20        0x0
 *(.rodata)
 *(.rodata.*)
 *(C_1)
 *(C_2)
 *(C)
                0xfff00f20                _erodata = .

.eh_frame_hdr
 *(.eh_frame_hdr)

.eh_frame
 *(.eh_frame)

.jcr
 *(.jcr)

.tors           0xfff00f20        0x0
                0xfff00f20                __CTOR_LIST__ = .
                0xfff00f20                . = ALIGN (0x2)
                0xfff00f20                ___ctors = .
 *(.ctors)
                0xfff00f20                ___ctors_end = .
                0xfff00f20                __CTOR_END__ = .
                0xfff00f20                __DTOR_LIST__ = .
                0xfff00f20                ___dtors = .
 *(.dtors)
                0xfff00f20                ___dtors_end = .
                0xfff00f20                __DTOR_END__ = .
                0xfff00f20                . = ALIGN (0x2)
                0xfff00f20                _mdata = .

.ustack         0x00000200        0x0
                0x00000200                _ustack = .

.istack         0x00000100        0x0
                0x00000100                _istack = .

.data           0x00000204        0x4 load address 0xfff00f20
                0x00000204                _data = .
 *(.data)
 .data          0x00000204        0x4 ./generate/start.o
                0x00000204                ___dso_handle
 *(.data.*)
 *(D)
 *(D_1)
 D_1            0x00000208        0x0 ./src/Powerboard.o
 D_1            0x00000208        0x0 ./src/board.o
 D_1            0x00000208        0x0 ./src/e8504.o
 D_1            0x00000208        0x0 ./generate/hwinit.o
 D_1            0x00000208        0x0 ./generate/inthandler.o
 D_1            0x00000208        0x0 ./generate/start.o
 D_1            0x00000208        0x0 ./generate/vects.o
 *(D_2)
                0x00000208                _edata = .

.gcc_exc
 *(.gcc_exc)

.bss            0x00000208     0x2590 load address 0xfff00f24
                0x00000208                _bss = .
 *(.bss)
 *(.bss.**)
 .bss.initialized.13971
                0x00000208        0x4 ./src/Powerboard.o
 *(COMMON)
 COMMON         0x0000020c        0xc ./src/board.o
                0x0000020c                _delay_counter
                0x00000210                _ms_counter
                0x00000214                _ms_counter2
 COMMON         0x00000218     0x2580 ./src/e8504.o
                0x00000218                _framebuffer_display_1
 *(B)
 *(B_1)
 B_1            0x00002798        0x0 ./src/Powerboard.o
 B_1            0x00002798        0x0 ./src/board.o
 B_1            0x00002798        0x0 ./src/e8504.o
 B_1            0x00002798        0x0 ./generate/hwinit.o
 B_1            0x00002798        0x0 ./generate/inthandler.o
 B_1            0x00002798        0x0 ./generate/start.o
 B_1            0x00002798        0x0 ./generate/vects.o
 *(B_2)
                0x00002798                _ebss = .
                0x00002798                _end = .
OUTPUT(Powerboard.elf elf32-rx-le)

.debug_frame    0x00000000     0x1cd4
 .debug_frame   0x00000000       0x5c ./src/Powerboard.o
 .debug_frame   0x0000005c       0xe4 ./src/board.o
 .debug_frame   0x00000140       0x90 ./src/e8504.o
 .debug_frame   0x000001d0       0x34 ./generate/hwinit.o
 .debug_frame   0x00000204     0x1ad0 ./generate/inthandler.o

.debug_info     0x00000000     0x8568
 .debug_info    0x00000000      0x6bd ./src/Powerboard.o
 .debug_info    0x000006bd     0x621f ./src/board.o
 .debug_info    0x000068dc      0xc55 ./src/e8504.o
 .debug_info    0x00007531       0x5a ./generate/hwinit.o
 .debug_info    0x0000758b      0xeed ./generate/inthandler.o
 .debug_info    0x00008478       0x6c ./generate/start.o
 .debug_info    0x000084e4       0x84 ./generate/vects.o

.debug_abbrev   0x00000000      0x53f
 .debug_abbrev  0x00000000      0x143 ./src/Powerboard.o
 .debug_abbrev  0x00000143      0x1a2 ./src/board.o
 .debug_abbrev  0x000002e5      0x12b ./src/e8504.o
 .debug_abbrev  0x00000410       0x37 ./generate/hwinit.o
 .debug_abbrev  0x00000447       0x7f ./generate/inthandler.o
 .debug_abbrev  0x000004c6       0x12 ./generate/start.o
 .debug_abbrev  0x000004d8       0x67 ./generate/vects.o

.debug_aranges  0x00000000      0x7c8
 .debug_aranges
                0x00000000       0x28 ./src/Powerboard.o
 .debug_aranges
                0x00000028       0x48 ./src/board.o
 .debug_aranges
                0x00000070       0x30 ./src/e8504.o
 .debug_aranges
                0x000000a0       0x20 ./generate/hwinit.o
 .debug_aranges
                0x000000c0      0x6c0 ./generate/inthandler.o
 .debug_aranges
                0x00000780       0x30 ./generate/start.o
 .debug_aranges
                0x000007b0       0x18 ./generate/vects.o

.debug_ranges   0x00000000      0x758
 .debug_ranges  0x00000000       0x18 ./src/Powerboard.o
 .debug_ranges  0x00000018       0x38 ./src/board.o
 .debug_ranges  0x00000050       0x20 ./src/e8504.o
 .debug_ranges  0x00000070       0x10 ./generate/hwinit.o
 .debug_ranges  0x00000080      0x6b0 ./generate/inthandler.o
 .debug_ranges  0x00000730       0x28 ./generate/start.o

.debug_line     0x00000000     0x131d
 .debug_line    0x00000000       0xc1 ./src/Powerboard.o
 .debug_line    0x000000c1      0x197 ./src/board.o
 .debug_line    0x00000258      0x14f ./src/e8504.o
 .debug_line    0x000003a7       0x47 ./generate/hwinit.o
 .debug_line    0x000003ee      0xe52 ./generate/inthandler.o
 .debug_line    0x00001240       0xa9 ./generate/start.o
 .debug_line    0x000012e9       0x34 ./generate/vects.o

.debug_str      0x00000000     0x458c
 .debug_str     0x00000000      0x171 ./src/Powerboard.o
                                0x1af (size before relaxing)
 .debug_str     0x00000171     0x31a4 ./src/board.o
                               0x3368 (size before relaxing)
 .debug_str     0x00003315       0x88 ./src/e8504.o
                                0x1fa (size before relaxing)
 .debug_str     0x0000339d       0x59 ./generate/hwinit.o
                                0x109 (size before relaxing)
 .debug_str     0x000033f6     0x115f ./generate/inthandler.o
                               0x1214 (size before relaxing)
 .debug_str     0x00004555       0x37 ./generate/vects.o
                                 0xe5 (size before relaxing)

.comment        0x00000000       0x2d
 .comment       0x00000000       0x2d ./src/Powerboard.o
                                 0x2e (size before relaxing)
 .comment       0x00000000       0x2e ./src/board.o
 .comment       0x00000000       0x2e ./src/e8504.o
 .comment       0x00000000       0x2e ./generate/hwinit.o
 .comment       0x00000000       0x2e ./generate/inthandler.o
 .comment       0x00000000       0x2e ./generate/vects.o

.sdata          0x00000000        0x0
 .sdata         0x00000000        0x0 ./generate/start.o
